Component: ARM Compiler 5.06 update 6 (build 750) Tool: armlink [4d35ed]

==============================================================================

Section Cross References

    startup_stm32f042x6.o(RESET) refers to startup_stm32f042x6.o(STACK) for __initial_sp
    startup_stm32f042x6.o(RESET) refers to startup_stm32f042x6.o(.text) for Reset_Handler
    startup_stm32f042x6.o(RESET) refers to stm32f0xx_it.o(i.NMI_Handler) for NMI_Handler
    startup_stm32f042x6.o(RESET) refers to stm32f0xx_it.o(i.HardFault_Handler) for HardFault_Handler
    startup_stm32f042x6.o(RESET) refers to stm32f0xx_it.o(i.SVC_Handler) for SVC_Handler
    startup_stm32f042x6.o(RESET) refers to stm32f0xx_it.o(i.PendSV_Handler) for PendSV_Handler
    startup_stm32f042x6.o(RESET) refers to stm32f0xx_it.o(i.SysTick_Handler) for SysTick_Handler
    startup_stm32f042x6.o(RESET) refers to stm32f0xx_it.o(i.CEC_CAN_IRQHandler) for CEC_CAN_IRQHandler
    startup_stm32f042x6.o(RESET) refers to stm32f0xx_it.o(i.USB_IRQHandler) for USB_IRQHandler
    startup_stm32f042x6.o(.text) refers to startup_stm32f042x6.o(STACK) for __initial_sp
    startup_stm32f042x6.o(.text) refers to system_stm32f0xx.o(i.SystemInit) for SystemInit
    startup_stm32f042x6.o(.text) refers to entry.o(.ARM.Collect$$$$00000000) for __main
    queue.o(i.Queue_Pop) refers to memcpya.o(.text) for __aeabi_memcpy
    queue.o(i.Queue_Push) refers to memcpya.o(.text) for __aeabi_memcpy
    main.o(i.CAN_Config) refers to stm32f0xx_hal_can.o(i.HAL_CAN_ConfigFilter) for HAL_CAN_ConfigFilter
    main.o(i.CAN_Config) refers to main.o(.data) for .data
    main.o(i.CAN_Config) refers to main.o(.bss) for .bss
    main.o(i.HAL_CAN_RxCpltCallback) refers to memcpya.o(.text) for __aeabi_memcpy4
    main.o(i.HAL_CAN_RxCpltCallback) refers to queue.o(i.Queue_Push) for Queue_Push
    main.o(i.HAL_CAN_RxCpltCallback) refers to main.o(.bss) for .bss
    main.o(i.MX_CAN_Init) refers to stm32f0xx_hal_can.o(i.HAL_CAN_Init) for HAL_CAN_Init
    main.o(i.MX_CAN_Init) refers to main.o(.bss) for .bss
    main.o(i.MX_CAN_Init) refers to main.o(.data) for .data
    main.o(i.MX_GPIO_Init) refers to memseta.o(.text) for __aeabi_memclr4
    main.o(i.MX_GPIO_Init) refers to stm32f0xx_hal_gpio.o(i.HAL_GPIO_WritePin) for HAL_GPIO_WritePin
    main.o(i.MX_GPIO_Init) refers to stm32f0xx_hal_gpio.o(i.HAL_GPIO_Init) for HAL_GPIO_Init
    main.o(i.MX_USART1_UART_Init) refers to stm32f0xx_hal_uart.o(i.HAL_UART_Init) for HAL_UART_Init
    main.o(i.MX_USART1_UART_Init) refers to main.o(.bss) for .bss
    main.o(i.SystemClock_Config) refers to memseta.o(.text) for __aeabi_memclr4
    main.o(i.SystemClock_Config) refers to stm32f0xx_hal_rcc.o(i.HAL_RCC_OscConfig) for HAL_RCC_OscConfig
    main.o(i.SystemClock_Config) refers to stm32f0xx_hal_rcc.o(i.HAL_RCC_ClockConfig) for HAL_RCC_ClockConfig
    main.o(i.SystemClock_Config) refers to stm32f0xx_hal_rcc_ex.o(i.HAL_RCCEx_PeriphCLKConfig) for HAL_RCCEx_PeriphCLKConfig
    main.o(i.fputc) refers to stm32f0xx_hal_uart.o(i.HAL_UART_Transmit) for HAL_UART_Transmit
    main.o(i.fputc) refers to main.o(.bss) for .bss
    main.o(i.main) refers to stm32f0xx_hal.o(i.HAL_Init) for HAL_Init
    main.o(i.main) refers to utilities.o(i.Read_Flash) for Read_Flash
    main.o(i.main) refers to main.o(i.SystemClock_Config) for SystemClock_Config
    main.o(i.main) refers to main.o(i.MX_GPIO_Init) for MX_GPIO_Init
    main.o(i.main) refers to main.o(i.MX_CAN_Init) for MX_CAN_Init
    main.o(i.main) refers to usb_device.o(i.MX_USB_DEVICE_Init) for MX_USB_DEVICE_Init
    main.o(i.main) refers to stm32f0xx_hal_iwdg.o(i.HAL_IWDG_Init) for HAL_IWDG_Init
    main.o(i.main) refers to main.o(i.MX_USART1_UART_Init) for MX_USART1_UART_Init
    main.o(i.main) refers to main.o(i.CAN_Config) for CAN_Config
    main.o(i.main) refers to stm32f0xx_hal_can.o(i.HAL_CAN_Receive_IT) for HAL_CAN_Receive_IT
    main.o(i.main) refers to queue.o(i.Queue_Pop) for Queue_Pop
    main.o(i.main) refers to usbd_cdc_if.o(i.CDC_Transmit_FS) for CDC_Transmit_FS
    main.o(i.main) refers to main.o(i.validateCommand) for validateCommand
    main.o(i.main) refers to stm32f0xx_hal_can.o(i.HAL_CAN_Transmit) for HAL_CAN_Transmit
    main.o(i.main) refers to printfb.o(i.__0printf$bare) for __2printf
    main.o(i.main) refers to stm32f0xx_hal_iwdg.o(i.HAL_IWDG_Refresh) for HAL_IWDG_Refresh
    main.o(i.main) refers to main.o(.data) for .data
    main.o(i.main) refers to main.o(.bss) for .bss
    main.o(i.validateCommand) refers to utilities.o(i.Crc8_Calc) for Crc8_Calc
    main.o(i.validateCommand) refers to main.o(i.__ARM_common_switch8) for __ARM_common_switch8
    main.o(i.validateCommand) refers to usbd_cdc_if.o(i.CDC_Transmit_FS) for CDC_Transmit_FS
    main.o(i.validateCommand) refers to utilities.o(i.Write_Flash) for Write_Flash
    main.o(i.validateCommand) refers to main.o(i.CAN_Config) for CAN_Config
    main.o(i.validateCommand) refers to main.o(i.MX_CAN_Init) for MX_CAN_Init
[...]
    Removing stm32f0xx_hal_pwr.o(i.HAL_PWR_EnableSleepOnExit), (16 bytes).
    Removing stm32f0xx_hal_pwr.o(i.HAL_PWR_EnableWakeUpPin), (16 bytes).
    Removing stm32f0xx_hal_pwr.o(i.HAL_PWR_EnterSLEEPMode), (32 bytes).
    Removing stm32f0xx_hal_pwr.o(i.HAL_PWR_EnterSTANDBYMode), (32 bytes).
    Removing stm32f0xx_hal_pwr.o(i.HAL_PWR_EnterSTOPMode), (52 bytes).
    Removing stm32f0xx_hal_pwr_ex.o(.rev16_text), (4 bytes).
    Removing stm32f0xx_hal_pwr_ex.o(.revsh_text), (4 bytes).
    Removing stm32f0xx_hal_pwr_ex.o(i.HAL_PWREx_DisableVddio2Monitor), (32 bytes).
    Removing stm32f0xx_hal_pwr_ex.o(i.HAL_PWREx_EnableVddio2Monitor), (24 bytes).
    Removing stm32f0xx_hal_pwr_ex.o(i.HAL_PWREx_Vddio2MonitorCallback), (2 bytes).
    Removing stm32f0xx_hal_pwr_ex.o(i.HAL_PWREx_Vddio2Monitor_IRQHandler), (24 bytes).
    Removing stm32f0xx_hal_pwr_ex.o(i.HAL_PWR_ConfigPVD), (104 bytes).
    Removing stm32f0xx_hal_pwr_ex.o(i.HAL_PWR_DisablePVD), (16 bytes).
    Removing stm32f0xx_hal_pwr_ex.o(i.HAL_PWR_EnablePVD), (16 bytes).
    Removing stm32f0xx_hal_pwr_ex.o(i.HAL_PWR_PVDCallback), (2 bytes).
    Removing stm32f0xx_hal_pwr_ex.o(i.HAL_PWR_PVD_IRQHandler), (28 bytes).
    Removing stm32f0xx_hal_flash.o(.rev16_text), (4 bytes).
    Removing stm32f0xx_hal_flash.o(.revsh_text), (4 bytes).
    Removing stm32f0xx_hal_flash.o(i.FLASH_Program_HalfWord), (32 bytes).
    Removing stm32f0xx_hal_flash.o(i.FLASH_SetErrorCode), (56 bytes).
    Removing stm32f0xx_hal_flash.o(i.FLASH_WaitForLastOperation), (80 bytes).
    Removing stm32f0xx_hal_flash.o(i.HAL_FLASH_EndOfOperationCallback), (2 bytes).
    Removing stm32f0xx_hal_flash.o(i.HAL_FLASH_GetError), (12 bytes).
    Removing stm32f0xx_hal_flash.o(i.HAL_FLASH_IRQHandler), (268 bytes).
    Removing stm32f0xx_hal_flash.o(i.HAL_FLASH_Lock), (20 bytes).
    Removing stm32f0xx_hal_flash.o(i.HAL_FLASH_OB_Launch), (32 bytes).
    Removing stm32f0xx_hal_flash.o(i.HAL_FLASH_OB_Lock), (20 bytes).
    Removing stm32f0xx_hal_flash.o(i.HAL_FLASH_OB_Unlock), (36 bytes).
    Removing stm32f0xx_hal_flash.o(i.HAL_FLASH_OperationErrorCallback), (2 bytes).
    Removing stm32f0xx_hal_flash.o(i.HAL_FLASH_Program), (124 bytes).
    Removing stm32f0xx_hal_flash.o(i.HAL_FLASH_Program_IT), (100 bytes).
    Removing stm32f0xx_hal_flash.o(.bss), (32 bytes).
    Removing stm32f0xx_hal_flash_ex.o(.rev16_text), (4 bytes).
    Removing stm32f0xx_hal_flash_ex.o(.revsh_text), (4 bytes).
    Removing stm32f0xx_hal_flash_ex.o(i.FLASH_MassErase), (36 bytes).
    Removing stm32f0xx_hal_flash_ex.o(i.FLASH_OB_GetRDP), (32 bytes).
    Removing stm32f0xx_hal_flash_ex.o(i.FLASH_OB_RDP_LevelConfig), (96 bytes).
    Removing stm32f0xx_hal_flash_ex.o(i.FLASH_PageErase), (36 bytes).
    Removing stm32f0xx_hal_flash_ex.o(i.HAL_FLASHEx_Erase), (160 bytes).
    Removing stm32f0xx_hal_flash_ex.o(i.HAL_FLASHEx_Erase_IT), (88 bytes).
    Removing stm32f0xx_hal_flash_ex.o(i.HAL_FLASHEx_OBErase), (80 bytes).
    Removing stm32f0xx_hal_flash_ex.o(i.HAL_FLASHEx_OBGetConfig), (32 bytes).
    Removing stm32f0xx_hal_flash_ex.o(i.HAL_FLASHEx_OBGetUserData), (28 bytes).
    Removing stm32f0xx_hal_flash_ex.o(i.HAL_FLASHEx_OBProgram), (308 bytes).
    Removing system_stm32f0xx.o(.rev16_text), (4 bytes).
    Removing system_stm32f0xx.o(.revsh_text), (4 bytes).
    Removing system_stm32f0xx.o(i.SystemCoreClockUpdate), (124 bytes).
    Removing usbd_core.o(.rev16_text), (4 bytes).
    Removing usbd_core.o(.revsh_text), (4 bytes).
    Removing usbd_core.o(i.USBD_DeInit), (42 bytes).
    Removing usbd_core.o(i.USBD_LL_DevConnected), (4 bytes).
    Removing usbd_core.o(i.USBD_LL_DevDisconnected), (26 bytes).
    Removing usbd_core.o(i.USBD_LL_IsoINIncomplete), (4 bytes).
    Removing usbd_core.o(i.USBD_LL_IsoOUTIncomplete), (4 bytes).
    Removing usbd_core.o(i.USBD_RunTestMode), (4 bytes).
    Removing usbd_core.o(i.USBD_Stop), (30 bytes).
    Removing usbd_ctlreq.o(.rev16_text), (4 bytes).
    Removing usbd_ctlreq.o(.revsh_text), (4 bytes).
    Removing usbd_ioreq.o(.rev16_text), (4 bytes).
    Removing usbd_ioreq.o(.revsh_text), (4 bytes).
    Removing usbd_ioreq.o(i.USBD_GetRxCount), (10 bytes).
    Removing usbd_cdc.o(.rev16_text), (4 bytes).
    Removing usbd_cdc.o(.revsh_text), (4 bytes).
    Removing dadd.o(.text), (356 bytes).
    Removing dmul.o(.text), (208 bytes).
    Removing ddiv.o(.text), (240 bytes).
    Removing dfixul.o(.text), (64 bytes).
    Removing cdrcmple.o(.text), (40 bytes).
    Removing depilogue.o(.text), (190 bytes).
    Removing depilogue.o(i.__ARM_clz), (46 bytes).

381 unused section(s) (total 21522 bytes) removed from the image.

==============================================================================

Image Symbol Table

    Local Symbols

    Symbol Name                              Value     Ov Type        Size  Object(Section)

    ../Drivers/STM32F0xx_HAL_Driver/Src/stm32f0xx_hal.c 0x00000000   Number         0  stm32f0xx_hal.o ABSOLUTE
    ../Drivers/STM32F0xx_HAL_Driver/Src/stm32f0xx_hal_can.c 0x00000000   Number         0  stm32f0xx_hal_can.o ABSOLUTE
    ../Drivers/STM32F0xx_HAL_Driver/Src/stm32f0xx_hal_cortex.c 0x00000000   Number         0  stm32f0xx_hal_cortex.o ABSOLUTE
    ../Drivers/STM32F0xx_HAL_Driver/Src/stm32f0xx_hal_dma.c 0x00000000   Number         0  stm32f0xx_hal_dma.o ABSOLUTE
    ../Drivers/STM32F0xx_HAL_Driver/Src/stm32f0xx_hal_flash.c 0x00000000   Number         0  stm32f0xx_hal_flash.o ABSOLUTE
    ../Drivers/STM32F0xx_HAL_Driver/Src/stm32f0xx_hal_flash_ex.c 0x00000000   Number         0  stm32f0xx_hal_flash_ex.o ABSOLUTE
    ../Drivers/STM32F0xx_HAL_Driver/Src/stm32f0xx_hal_gpio.c 0x00000000   Number         0  stm32f0xx_hal_gpio.o ABSOLUTE
    ../Drivers/STM32F0xx_HAL_Driver/Src/stm32f0xx_hal_i2c.c 0x00000000   Number         0  stm32f0xx_hal_i2c.o ABSOLUTE
    ../Drivers/STM32F0xx_HAL_Driver/Src/stm32f0xx_hal_i2c_ex.c 0x00000000   Number         0  stm32f0xx_hal_i2c_ex.o ABSOLUTE
    ../Drivers/STM32F0xx_HAL_Driver/Src/stm32f0xx_hal_iwdg.c 0x00000000   Number         0  stm32f0xx_hal_iwdg.o ABSOLUTE
    ../Drivers/STM32F0xx_HAL_Driver/Src/stm32f0xx_hal_pcd.c 0x00000000   Number         0  stm32f0xx_hal_pcd.o ABSOLUTE
    ../Drivers/STM32F0xx_HAL_Driver/Src/stm32f0xx_hal_pcd_ex.c 0x00000000   Number         0  stm32f0xx_hal_pcd_ex.o ABSOLUTE
    ../Drivers/STM32F0xx_HAL_Driver/Src/stm32f0xx_hal_pwr.c 0x00000000   Number         0  stm32f0xx_hal_pwr.o ABSOLUTE
    ../Drivers/STM32F0xx_HAL_Driver/Src/stm32f0xx_hal_pwr_ex.c 0x00000000   Number         0  stm32f0xx_hal_pwr_ex.o ABSOLUTE
    ../Drivers/STM32F0xx_HAL_Driver/Src/stm32f0xx_hal_rcc.c 0x00000000   Number         0  stm32f0xx_hal_rcc.o ABSOLUTE
    ../Drivers/STM32F0xx_HAL_Driver/Src/stm32f0xx_hal_rcc_ex.c 0x00000000   Number         0  stm32f0xx_hal_rcc_ex.o ABSOLUTE
    ../Drivers/STM32F0xx_HAL_Driver/Src/stm32f0xx_hal_tim.c 0x00000000   Number         0  stm32f0xx_hal_tim.o ABSOLUTE
    ../Drivers/STM32F0xx_HAL_Driver/Src/stm32f0xx_hal_tim_ex.c 0x00000000   Number         0  stm32f0xx_hal_tim_ex.o ABSOLUTE
    ../Drivers/STM32F0xx_HAL_Driver/Src/stm32f0xx_hal_uart.c 0x00000000   Number         0  stm32f0xx_hal_uart.o ABSOLUTE
    ../Drivers/STM32F0xx_HAL_Driver/Src/stm32f0xx_hal_uart_ex.c 0x00000000   Number         0  stm32f0xx_hal_uart_ex.o ABSOLUTE
    ../Middlewares/ST/STM32_USB_Device_Library/Class/CDC/Src/usbd_cdc.c 0x00000000   Number         0  usbd_cdc.o ABSOLUTE
    ../Middlewares/ST/STM32_USB_Device_Library/Core/Src/usbd_core.c 0x00000000   Number         0  usbd_core.o ABSOLUTE
    ../Middlewares/ST/STM32_USB_Device_Library/Core/Src/usbd_ctlreq.c 0x00000000   Number         0  usbd_ctlreq.o ABSOLUTE
    ../Middlewares/ST/STM32_USB_Device_Library/Core/Src/usbd_ioreq.c 0x00000000   Number         0  usbd_ioreq.o ABSOLUTE
    ../Src/main.c                            0x00000000   Number         0  main.o ABSOLUTE
    ../Src/stm32f0xx_hal_msp.c               0x00000000   Number         0  stm32f0xx_hal_msp.o ABSOLUTE
    ../Src/stm32f0xx_it.c                    0x00000000   Number         0  stm32f0xx_it.o ABSOLUTE
    ../Src/system_stm32f0xx.c                0x00000000   Number         0  system_stm32f0xx.o ABSOLUTE
    ../Src/usb_device.c                      0x00000000   Number         0  usb_device.o ABSOLUTE
    ../Src/usbd_cdc_if.c                     0x00000000   Number         0  usbd_cdc_if.o ABSOLUTE
    ../Src/usbd_conf.c                       0x00000000   Number         0  usbd_conf.o ABSOLUTE
    ../Src/usbd_desc.c                       0x00000000   Number         0  usbd_desc.o ABSOLUTE
    ../clib/../cmprslib/zerorunl2.c          0x00000000   Number         0  __dczerorl2.o ABSOLUTE
    ../clib/microlib/division.c              0x00000000   Number         0  uldiv.o ABSOLUTE
    ../clib/microlib/division.c              0x00000000   Number         0  uidiv.o ABSOLUTE
    ../clib/microlib/init/entry.s            0x00000000   Number         0  entry10a.o ABSOLUTE
    ../clib/microlib/init/entry.s            0x00000000   Number         0  entry9b.o ABSOLUTE
    ../clib/microlib/init/entry.s            0x00000000   Number         0  entry9a.o ABSOLUTE
    ../clib/microlib/init/entry.s            0x00000000   Number         0  entry8b.o ABSOLUTE
    ../clib/microlib/init/entry.s            0x00000000   Number         0  entry8a.o ABSOLUTE
    ../clib/microlib/init/entry.s            0x00000000   Number         0  entry7b.o ABSOLUTE
    ../clib/microlib/init/entry.s            0x00000000   Number         0  entry7a.o ABSOLUTE
    ../clib/microlib/init/entry.s            0x00000000   Number         0  entry5.o ABSOLUTE
    ../clib/microlib/init/entry.s            0x00000000   Number         0  entry2.o ABSOLUTE
    ../clib/microlib/init/entry.s            0x00000000   Number         0  entry.o ABSOLUTE
    ../clib/microlib/init/entry.s            0x00000000   Number         0  entry11b.o ABSOLUTE
    ../clib/microlib/init/entry.s            0x00000000   Number         0  entry11a.o ABSOLUTE
    ../clib/microlib/init/entry.s            0x00000000   Number         0  entry10b.o ABSOLUTE
    ../clib/microlib/longlong.c              0x00000000   Number         0  llshl.o ABSOLUTE
    ../clib/microlib/longlong.c              0x00000000   Number         0  llsshr.o ABSOLUTE
    ../clib/microlib/longlong.c              0x00000000   Number         0  llushr.o ABSOLUTE
    ../clib/microlib/printf/printf.c         0x00000000   Number         0  printfa.o ABSOLUTE
    ../clib/microlib/printf/printf.c         0x00000000   Number         0  printf8.o ABSOLUTE
    ../clib/microlib/printf/printf.c         0x00000000   Number         0  printf7.o ABSOLUTE
    ../clib/microlib/printf/printf.c         0x00000000   Number         0  printf6.o ABSOLUTE
    ../clib/microlib/printf/printf.c         0x00000000   Number         0  printf5.o ABSOLUTE
    ../clib/microlib/printf/printf.c         0x00000000   Number         0  printf4.o ABSOLUTE
    ../clib/microlib/printf/printf.c         0x00000000   Number         0  printf3.o ABSOLUTE
    ../clib/microlib/printf/printf.c         0x00000000   Number         0  printf2.o ABSOLUTE
    ../clib/microlib/printf/printf.c         0x00000000   Number         0  printf1.o ABSOLUTE
    ../clib/microlib/printf/printf.c         0x00000000   Number         0  printfb.o ABSOLUTE
    ../clib/microlib/printf/printf.c         0x00000000   Number         0  printf0.o ABSOLUTE
    ../clib/microlib/stdio/streams.c         0x00000000   Number         0  stdout.o ABSOLUTE
    ../clib/microlib/string/memcpy.c         0x00000000   Number         0  memcpya.o ABSOLUTE
    ../clib/microlib/string/memcpy.c         0x00000000   Number         0  memcpyb.o ABSOLUTE
    ../clib/microlib/string/memset.c         0x00000000   Number         0  memseta.o ABSOLUTE
    ../clib/microlib/stubs.s                 0x00000000   Number         0  iusefp.o ABSOLUTE
    ../clib/microlib/unhosted.c              0x00000000   Number         0  uread4.o ABSOLUTE
    ../fplib/microlib/fpadd.c                0x00000000   Number         0  dadd.o ABSOLUTE
    ../fplib/microlib/fpdiv.c                0x00000000   Number         0  ddiv.o ABSOLUTE
    ../fplib/microlib/fpepilogue.c           0x00000000   Number         0  depilogue.o ABSOLUTE
    ../fplib/microlib/fpfix.c                0x00000000   Number         0  dfixul.o ABSOLUTE
    ../fplib/microlib/fpmul.c                0x00000000   Number         0  dmul.o ABSOLUTE
    ..\Drivers\STM32F0xx_HAL_Driver\Src\stm32f0xx_hal.c 0x00000000   Number         0  stm32f0xx_hal.o ABSOLUTE
    ..\Drivers\STM32F0xx_HAL_Driver\Src\stm32f0xx_hal_can.c 0x00000000   Number         0  stm32f0xx_hal_can.o ABSOLUTE
    ..\Drivers\STM32F0xx_HAL_Driver\Src\stm32f0xx_hal_cortex.c 0x00000000   Number         0  stm32f0xx_hal_cortex.o ABSOLUTE
    ..\Drivers\STM32F0xx_HAL_Driver\Src\stm32f0xx_hal_dma.c 0x00000000   Number         0  stm32f0xx_hal_dma.o ABSOLUTE
    ..\Drivers\STM32F0xx_HAL_Driver\Src\stm32f0xx_hal_flash.c 0x00000000   Number         0  stm32f0xx_hal_flash.o ABSOLUTE
    ..\Drivers\STM32F0xx_HAL_Driver\Src\stm32f0xx_hal_flash_ex.c 0x00000000   Number         0  stm32f0xx_hal_flash_ex.o ABSOLUTE
    ..\Drivers\STM32F0xx_HAL_Driver\Src\stm32f0xx_hal_gpio.c 0x00000000   Number         0  stm32f0xx_hal_gpio.o ABSOLUTE
    ..\Drivers\STM32F0xx_HAL_Driver\Src\stm32f0xx_hal_i2c.c 0x00000000   Number         0  stm32f0xx_hal_i2c.o ABSOLUTE
    ..\Drivers\STM32F0xx_HAL_Driver\Src\stm32f0xx_hal_i2c_ex.c 0x00000000   Number         0  stm32f0xx_hal_i2c_ex.o ABSOLUTE
    ..\Drivers\STM32F0xx_HAL_Driver\Src\stm32f0xx_hal_iwdg.c 0x00000000   Number         0  stm32f0xx_hal_iwdg.o ABSOLUTE
    ..\Drivers\STM32F0xx_HAL_Driver\Src\stm32f0xx_hal_pcd.c 0x00000000   Number         0  stm32f0xx_hal_pcd.o ABSOLUTE
    ..\Drivers\STM32F0xx_HAL_Driver\Src\stm32f0xx_hal_pcd_ex.c 0x00000000   Number         0  stm32f0xx_hal_pcd_ex.o ABSOLUTE
    ..\Drivers\STM32F0xx_HAL_Driver\Src\stm32f0xx_hal_pwr.c 0x00000000   Number         0  stm32f0xx_hal_pwr.o ABSOLUTE
    ..\Drivers\STM32F0xx_HAL_Driver\Src\stm32f0xx_hal_pwr_ex.c 0x00000000   Number         0  stm32f0xx_hal_pwr_ex.o ABSOLUTE
    ..\Drivers\STM32F0xx_HAL_Driver\Src\stm32f0xx_hal_rcc.c 0x00000000   Number         0  stm32f0xx_hal_rcc.o ABSOLUTE
    ..\Drivers\STM32F0xx_HAL_Driver\Src\stm32f0xx_hal_rcc_ex.c 0x00000000   Number         0  stm32f0xx_hal_rcc_ex.o ABSOLUTE
    ..\Drivers\STM32F0xx_HAL_Driver\Src\stm32f0xx_hal_tim.c 0x00000000   Number         0  stm32f0xx_hal_tim.o ABSOLUTE
    ..\Drivers\STM32F0xx_HAL_Driver\Src\stm32f0xx_hal_tim_ex.c 0x00000000   Number         0  stm32f0xx_hal_tim_ex.o ABSOLUTE
    ..\Drivers\STM32F0xx_HAL_Driver\Src\stm32f0xx_hal_uart.c 0x00000000   Number         0  stm32f0xx_hal_uart.o ABSOLUTE
    ..\Drivers\STM32F0xx_HAL_Driver\Src\stm32f0xx_hal_uart_ex.c 0x00000000   Number         0  stm32f0xx_hal_uart_ex.o ABSOLUTE
    ..\Middlewares\ST\STM32_USB_Device_Library\Class\CDC\Src\usbd_cdc.c 0x00000000   Number         0  usbd_cdc.o ABSOLUTE
    ..\Middlewares\ST\STM32_USB_Device_Library\Core\Src\usbd_core.c 0x00000000   Number         0  usbd_core.o ABSOLUTE
    ..\Middlewares\ST\STM32_USB_Device_Library\Core\Src\usbd_ctlreq.c 0x00000000   Number         0  usbd_ctlreq.o ABSOLUTE
    ..\Middlewares\ST\STM32_USB_Device_Library\Core\Src\usbd_ioreq.c 0x00000000   Number         0  usbd_ioreq.o ABSOLUTE
    ..\Src\flash.c                           0x00000000   Number         0  flash.o ABSOLUTE
    ..\Src\main.c                            0x00000000   Number         0  main.o ABSOLUTE
    ..\Src\queue.c                           0x00000000   Number         0  queue.o ABSOLUTE
    ..\Src\stm32f0xx_hal_msp.c               0x00000000   Number         0  stm32f0xx_hal_msp.o ABSOLUTE
    ..\Src\stm32f0xx_it.c                    0x00000000   Number         0  stm32f0xx_it.o ABSOLUTE
    ..\Src\system_stm32f0xx.c                0x00000000   Number         0  system_stm32f0xx.o ABSOLUTE
    ..\Src\usb_device.c                      0x00000000   Number         0  usb_device.o ABSOLUTE
    ..\Src\usbd_cdc_if.c                     0x00000000   Number         0  usbd_cdc_if.o ABSOLUTE
    ..\Src\usbd_conf.c                       0x00000000   Number         0  usbd_conf.o ABSOLUTE
    ..\Src\usbd_desc.c                       0x00000000   Number         0  usbd_desc.o ABSOLUTE
    ..\Src\utilities.c                       0x00000000   Number         0  utilities.o ABSOLUTE
    ..\\Src\\flash.c                         0x00000000   Number         0  flash.o ABSOLUTE
    ..\\Src\\queue.c                         0x00000000   Number         0  queue.o ABSOLUTE
    ..\\Src\\utilities.c                     0x00000000   Number         0  utilities.o ABSOLUTE
    cdrcmple.s                               0x00000000   Number         0  cdrcmple.o ABSOLUTE
    dc.s                                     0x00000000   Number         0  dc.o ABSOLUTE
    handlers.s                               0x00000000   Number         0  handlers.o ABSOLUTE
    init.s                                   0x00000000   Number         0  init.o ABSOLUTE
    startup_stm32f042x6.s                    0x00000000   Number         0  startup_stm32f042x6.o ABSOLUTE
    RESET                                    0x08000000   Section      192  startup_stm32f042x6.o(RESET)
    .ARM.Collect$$$$00000000                 0x080000c0   Section        0  entry.o(.ARM.Collect$$$$00000000)
    .ARM.Collect$$$$00000001                 0x080000c0   Section        4  entry2.o(.ARM.Collect$$$$00000001)
    .ARM.Collect$$$$00000004                 0x080000c4   Section        4  entry5.o(.ARM.Collect$$$$00000004)
    .ARM.Collect$$$$00000008                 0x080000c8   Section        0  entry7b.o(.ARM.Collect$$$$00000008)
    .ARM.Collect$$$$0000000A                 0x080000c8   Section        0  entry8b.o(.ARM.Collect$$$$0000000A)
    .ARM.Collect$$$$0000000B                 0x080000c8   Section        8  entry9a.o(.ARM.Collect$$$$0000000B)
    .ARM.Collect$$$$0000000D                 0x080000d0   Section        0  entry10a.o(.ARM.Collect$$$$0000000D)
    .ARM.Collect$$$$0000000F                 0x080000d0   Section        0  entry11a.o(.ARM.Collect$$$$0000000F)
    .ARM.Collect$$$$00002712                 0x080000d0   Section        4  entry2.o(.ARM.Collect$$$$00002712)
    __lit__00000000                          0x080000d0   Data           4  entry2.o(.ARM.Collect$$$$00002712)
    .text                                    0x080000d4   Section       88  startup_stm32f042x6.o(.text)
    .text                                    0x0800012c   Section        0  uidiv.o(.text)
    .text                                    0x08000158   Section        0  memcpya.o(.text)
    .text                                    0x0800017c   Section        0  memseta.o(.text)
    .text                                    0x080001a0   Section        0  uread4.o(.text)
    .text                                    0x080001b4   Section       36  init.o(.text)
    .text                                    0x080001d8   Section        0  __dczerorl2.o(.text)
    i.CAN_Config                             0x08000230   Section        0  main.o(i.CAN_Config)
    i.CAN_Receive_IT                         0x0800029c   Section        0  stm32f0xx_hal_can.o(i.CAN_Receive_IT)
    CAN_Receive_IT                           0x0800029d   Thumb Code   290  stm32f0xx_hal_can.o(i.CAN_Receive_IT)
    i.CDC_Control_FS                         0x080003be   Section        0  usbd_cdc_if.o(i.CDC_Control_FS)
    CDC_Control_FS                           0x080003bf   Thumb Code     4  usbd_cdc_if.o(i.CDC_Control_FS)
    i.CDC_DeInit_FS                          0x080003c2   Section        0  usbd_cdc_if.o(i.CDC_DeInit_FS)
    CDC_DeInit_FS                            0x080003c3   Thumb Code     4  usbd_cdc_if.o(i.CDC_DeInit_FS)
    i.CDC_Init_FS                            0x080003c8   Section        0  usbd_cdc_if.o(i.CDC_Init_FS)
    CDC_Init_FS                              0x080003c9   Thumb Code    24  usbd_cdc_if.o(i.CDC_Init_FS)
    i.CDC_Receive_FS                         0x080003ec   Section        0  usbd_cdc_if.o(i.CDC_Receive_FS)
    CDC_Receive_FS                           0x080003ed   Thumb Code    46  usbd_cdc_if.o(i.CDC_Receive_FS)
    i.CDC_Transmit_FS                        0x08000424   Section        0  usbd_cdc_if.o(i.CDC_Transmit_FS)
    i.CEC_CAN_IRQHandler                     0x08000454   Section        0  stm32f0xx_it.o(i.CEC_CAN_IRQHandler)
    i.Crc8_Calc                              0x0800046c   Section        0  utilities.o(i.Crc8_Calc)
    i.Error_Handler                          0x0800049c   Section        0  main.o(i.Error_Handler)
    i.Flash_Erase                            0x080004a0   Section        0  flash.o(i.Flash_Erase)
    i.Flash_Read_Char                        0x080004d4   Section        0  flash.o(i.Flash_Read_Char)
    i.Flash_Write_Char                       0x080004f4   Section        0  flash.o(i.Flash_Write_Char)
    i.HAL_CAN_ConfigFilter                   0x08000544   Section        0  stm32f0xx_hal_can.o(i.HAL_CAN_ConfigFilter)
    i.HAL_CAN_ErrorCallback                  0x0800065c   Section        0  stm32f0xx_hal_can.o(i.HAL_CAN_ErrorCallback)
    i.HAL_CAN_IRQHandler                     0x08000660   Section        0  stm32f0xx_hal_can.o(i.HAL_CAN_IRQHandler)
    i.HAL_CAN_Init                           0x08000858   Section        0  stm32f0xx_hal_can.o(i.HAL_CAN_Init)
    i.HAL_CAN_MspInit                        0x08000984   Section        0  stm32f0xx_hal_msp.o(i.HAL_CAN_MspInit)
    i.HAL_CAN_Receive_IT                     0x080009f8   Section        0  stm32f0xx_hal_can.o(i.HAL_CAN_Receive_IT)
    i.HAL_CAN_RxCpltCallback                 0x08000aa8   Section        0  main.o(i.HAL_CAN_RxCpltCallback)
    i.HAL_CAN_Transmit                       0x08000ad0   Section        0  stm32f0xx_hal_can.o(i.HAL_CAN_Transmit)
    i.HAL_CAN_TxCpltCallback                 0x08000c7c   Section        0  stm32f0xx_hal_can.o(i.HAL_CAN_TxCpltCallback)
    i.HAL_FLASH_Unlock                       0x08000c80   Section        0  stm32f0xx_hal_flash.o(i.HAL_FLASH_Unlock)
    i.HAL_GPIO_Init                          0x08000ca4   Section        0  stm32f0xx_hal_gpio.o(i.HAL_GPIO_Init)
    i.HAL_GPIO_WritePin                      0x08000de0   Section        0  stm32f0xx_hal_gpio.o(i.HAL_GPIO_WritePin)
    i.HAL_GetTick                            0x08000dec   Section        0  stm32f0xx_hal.o(i.HAL_GetTick)
    i.HAL_IWDG_Init                          0x08000df8   Section        0  stm32f0xx_hal_iwdg.o(i.HAL_IWDG_Init)
    i.HAL_IWDG_Refresh                       0x08000e5c   Section        0  stm32f0xx_hal_iwdg.o(i.HAL_IWDG_Refresh)
    i.HAL_IncTick                            0x08000e6c   Section        0  stm32f0xx_hal.o(i.HAL_IncTick)
    i.HAL_Init                               0x08000e7c   Section        0  stm32f0xx_hal.o(i.HAL_Init)
    i.HAL_InitTick                           0x08000e9c   Section        0  stm32f0xx_hal.o(i.HAL_InitTick)
    i.HAL_MspInit                            0x08000ec0   Section        0  stm32f0xx_hal_msp.o(i.HAL_MspInit)
    i.HAL_NVIC_EnableIRQ                     0x08000ee8   Section        0  stm32f0xx_hal_cortex.o(i.HAL_NVIC_EnableIRQ)
    i.HAL_NVIC_SetPriority                   0x08000efc   Section        0  stm32f0xx_hal_cortex.o(i.HAL_NVIC_SetPriority)
    i.HAL_PCDEx_PMAConfig                    0x08000f04   Section        0  stm32f0xx_hal_pcd_ex.o(i.HAL_PCDEx_PMAConfig)
    i.HAL_PCD_DataInStageCallback            0x08000f3e   Section        0  usbd_conf.o(i.HAL_PCD_DataInStageCallback)
    i.HAL_PCD_DataOutStageCallback           0x08000f56   Section        0  usbd_conf.o(i.HAL_PCD_DataOutStageCallback)
    i.HAL_PCD_EP_Close                       0x08000f74   Section        0  stm32f0xx_hal_pcd.o(i.HAL_PCD_EP_Close)
    i.HAL_PCD_EP_ClrStall                    0x080010dc   Section        0  stm32f0xx_hal_pcd.o(i.HAL_PCD_EP_ClrStall)
    i.HAL_PCD_EP_GetRxCount                  0x08001190   Section        0  stm32f0xx_hal_pcd.o(i.HAL_PCD_EP_GetRxCount)
    i.HAL_PCD_EP_Open                        0x080011a4   Section        0  stm32f0xx_hal_pcd.o(i.HAL_PCD_EP_Open)
    i.HAL_PCD_EP_Receive                     0x08001448   Section        0  stm32f0xx_hal_pcd.o(i.HAL_PCD_EP_Receive)
    i.HAL_PCD_EP_SetStall                    0x08001548   Section        0  stm32f0xx_hal_pcd.o(i.HAL_PCD_EP_SetStall)
    i.HAL_PCD_EP_Transmit                    0x080015dc   Section        0  stm32f0xx_hal_pcd.o(i.HAL_PCD_EP_Transmit)
    i.HAL_PCD_IRQHandler                     0x080016cc   Section        0  stm32f0xx_hal_pcd.o(i.HAL_PCD_IRQHandler)
    i.HAL_PCD_Init                           0x080017d8   Section        0  stm32f0xx_hal_pcd.o(i.HAL_PCD_Init)
    i.HAL_PCD_MspInit                        0x08001874   Section        0  usbd_conf.o(i.HAL_PCD_MspInit)
    i.HAL_PCD_ResetCallback                  0x080018ac   Section        0  usbd_conf.o(i.HAL_PCD_ResetCallback)
    i.HAL_PCD_ResumeCallback                 0x080018c4   Section        0  usbd_conf.o(i.HAL_PCD_ResumeCallback)
    i.HAL_PCD_SOFCallback                    0x080018f0   Section        0  usbd_conf.o(i.HAL_PCD_SOFCallback)
    i.HAL_PCD_SetAddress                     0x08001900   Section        0  stm32f0xx_hal_pcd.o(i.HAL_PCD_SetAddress)
    i.HAL_PCD_SetupStageCallback             0x0800192c   Section        0  usbd_conf.o(i.HAL_PCD_SetupStageCallback)
    i.HAL_PCD_Start                          0x08001942   Section        0  stm32f0xx_hal_pcd.o(i.HAL_PCD_Start)
    i.HAL_PCD_SuspendCallback                0x08001954   Section        0  usbd_conf.o(i.HAL_PCD_SuspendCallback)
    i.HAL_RCCEx_PeriphCLKConfig              0x0800197c   Section        0  stm32f0xx_hal_rcc_ex.o(i.HAL_RCCEx_PeriphCLKConfig)
    i.HAL_RCC_ClockConfig                    0x08001a88   Section        0  stm32f0xx_hal_rcc.o(i.HAL_RCC_ClockConfig)
    i.HAL_RCC_GetHCLKFreq                    0x08001bdc   Section        0  stm32f0xx_hal_rcc.o(i.HAL_RCC_GetHCLKFreq)
    i.HAL_RCC_GetPCLK1Freq                   0x08001be8   Section        0  stm32f0xx_hal_rcc.o(i.HAL_RCC_GetPCLK1Freq)
    i.HAL_RCC_GetSysClockFreq                0x08001c08   Section        0  stm32f0xx_hal_rcc.o(i.HAL_RCC_GetSysClockFreq)
    i.HAL_RCC_OscConfig                      0x08001c98   Section        0  stm32f0xx_hal_rcc.o(i.HAL_RCC_OscConfig)
    i.HAL_SYSTICK_Config                     0x08002070   Section        0  stm32f0xx_hal_cortex.o(i.HAL_SYSTICK_Config)
    i.HAL_UART_Init                          0x080020a0   Section        0  stm32f0xx_hal_uart.o(i.HAL_UART_Init)
    i.HAL_UART_MspInit                       0x0800210c   Section        0  stm32f0xx_hal_msp.o(i.HAL_UART_MspInit)
    i.HAL_UART_Transmit                      0x08002170   Section        0  stm32f0xx_hal_uart.o(i.HAL_UART_Transmit)
    i.HardFault_Handler                      0x08002238   Section        0  stm32f0xx_it.o(i.HardFault_Handler)
    i.MX_CAN_Init                            0x0800223c   Section        0  main.o(i.MX_CAN_Init)
    MX_CAN_Init                              0x0800223d   Thumb Code    52  main.o(i.MX_CAN_Init)
    i.MX_GPIO_Init                           0x0800227c   Section        0  main.o(i.MX_GPIO_Init)
    MX_GPIO_Init                             0x0800227d   Thumb Code   140  main.o(i.MX_GPIO_Init)
    i.MX_USART1_UART_Init                    0x08002314   Section        0  main.o(i.MX_USART1_UART_Init)
    MX_USART1_UART_Init                      0x08002315   Thumb Code    40  main.o(i.MX_USART1_UART_Init)
    i.MX_USB_DEVICE_Init                     0x08002344   Section        0  usb_device.o(i.MX_USB_DEVICE_Init)
    i.NMI_Handler                            0x08002378   Section        0  stm32f0xx_it.o(i.NMI_Handler)
    i.NVIC_SetPriority                       0x0800237c   Section        0  stm32f0xx_hal_cortex.o(i.NVIC_SetPriority)
    NVIC_SetPriority                         0x0800237d   Thumb Code    60  stm32f0xx_hal_cortex.o(i.NVIC_SetPriority)
    i.PCD_EP_ISR_Handler                     0x080023c0   Section        0  stm32f0xx_hal_pcd.o(i.PCD_EP_ISR_Handler)
    PCD_EP_ISR_Handler                       0x080023c1   Thumb Code   802  stm32f0xx_hal_pcd.o(i.PCD_EP_ISR_Handler)
    i.PCD_ReadPMA                            0x080026f8   Section        0  stm32f0xx_hal_pcd.o(i.PCD_ReadPMA)
    i.PCD_WritePMA                           0x08002722   Section        0  stm32f0xx_hal_pcd.o(i.PCD_WritePMA)
    i.PendSV_Handler                         0x08002748   Section        0  stm32f0xx_it.o(i.PendSV_Handler)
    i.Queue_Pop                              0x0800274a   Section        0  queue.o(i.Queue_Pop)
    i.Queue_Push                             0x08002780   Section        0  queue.o(i.Queue_Push)
    i.Read_Flash                             0x080027ac   Section        0  utilities.o(i.Read_Flash)
    i.SVC_Handler                            0x0800280c   Section        0  stm32f0xx_it.o(i.SVC_Handler)
    i.SysTick_Handler                        0x0800280e   Section        0  stm32f0xx_it.o(i.SysTick_Handler)
    i.SystemClock_Config                     0x08002818   Section        0  main.o(i.SystemClock_Config)
    i.SystemInit                             0x08002880   Section        0  system_stm32f0xx.o(i.SystemInit)
    i.UART_AdvFeatureConfig                  0x080028dc   Section        0  stm32f0xx_hal_uart.o(i.UART_AdvFeatureConfig)
    i.UART_CheckIdleState                    0x080029a8   Section        0  stm32f0xx_hal_uart.o(i.UART_CheckIdleState)
    i.UART_SetConfig                         0x08002a10   Section        0  stm32f0xx_hal_uart.o(i.UART_SetConfig)
    i.UART_WaitOnFlagUntilTimeout            0x08002b40   Section        0  stm32f0xx_hal_uart.o(i.UART_WaitOnFlagUntilTimeout)
    i.USBD_CDC_DataIn                        0x08002ba2   Section        0  usbd_cdc.o(i.USBD_CDC_DataIn)
    USBD_CDC_DataIn                          0x08002ba3   Thumb Code    30  usbd_cdc.o(i.USBD_CDC_DataIn)
    i.USBD_CDC_DataOut                       0x08002bc0   Section        0  usbd_cdc.o(i.USBD_CDC_DataOut)
    USBD_CDC_DataOut                         0x08002bc1   Thumb Code    52  usbd_cdc.o(i.USBD_CDC_DataOut)
    i.USBD_CDC_DeInit                        0x08002bf4   Section        0  usbd_cdc.o(i.USBD_CDC_DeInit)
    USBD_CDC_DeInit                          0x08002bf5   Thumb Code    60  usbd_cdc.o(i.USBD_CDC_DeInit)
    i.USBD_CDC_EP0_RxReady                   0x08002c30   Section        0  usbd_cdc.o(i.USBD_CDC_EP0_RxReady)
    USBD_CDC_EP0_RxReady                     0x08002c31   Thumb Code    40  usbd_cdc.o(i.USBD_CDC_EP0_RxReady)
    i.USBD_CDC_GetDeviceQualifierDescriptor  0x08002c58   Section        0  usbd_cdc.o(i.USBD_CDC_GetDeviceQualifierDescriptor)
    i.USBD_CDC_GetFSCfgDesc                  0x08002c64   Section        0  usbd_cdc.o(i.USBD_CDC_GetFSCfgDesc)
    USBD_CDC_GetFSCfgDesc                    0x08002c65   Thumb Code     8  usbd_cdc.o(i.USBD_CDC_GetFSCfgDesc)
    i.USBD_CDC_GetHSCfgDesc                  0x08002c70   Section        0  usbd_cdc.o(i.USBD_CDC_GetHSCfgDesc)
    USBD_CDC_GetHSCfgDesc                    0x08002c71   Thumb Code     8  usbd_cdc.o(i.USBD_CDC_GetHSCfgDesc)
    i.USBD_CDC_GetOtherSpeedCfgDesc          0x08002c7c   Section        0  usbd_cdc.o(i.USBD_CDC_GetOtherSpeedCfgDesc)
    USBD_CDC_GetOtherSpeedCfgDesc            0x08002c7d   Thumb Code     8  usbd_cdc.o(i.USBD_CDC_GetOtherSpeedCfgDesc)
    i.USBD_CDC_Init                          0x08002c88   Section        0  usbd_cdc.o(i.USBD_CDC_Init)
    USBD_CDC_Init                            0x08002c89   Thumb Code   138  usbd_cdc.o(i.USBD_CDC_Init)
    i.USBD_CDC_ReceivePacket                 0x08002d12   Section        0  usbd_cdc.o(i.USBD_CDC_ReceivePacket)
    i.USBD_CDC_RegisterInterface             0x08002d4a   Section        0  usbd_cdc.o(i.USBD_CDC_RegisterInterface)
    i.USBD_CDC_SetRxBuffer                   0x08002d5e   Section        0  usbd_cdc.o(i.USBD_CDC_SetRxBuffer)
    i.USBD_CDC_SetTxBuffer                   0x08002d72   Section        0  usbd_cdc.o(i.USBD_CDC_SetTxBuffer)
    i.USBD_CDC_Setup                         0x08002d88   Section        0  usbd_cdc.o(i.USBD_CDC_Setup)
    USBD_CDC_Setup                           0x08002d89   Thumb Code   112  usbd_cdc.o(i.USBD_CDC_Setup)
    i.USBD_CDC_TransmitPacket                0x08002dfc   Section        0  usbd_cdc.o(i.USBD_CDC_TransmitPacket)
    i.USBD_ClrClassConfig                    0x08002e30   Section        0  usbd_core.o(i.USBD_ClrClassConfig)
    i.USBD_CtlContinueRx                     0x08002e40   Section        0  usbd_ioreq.o(i.USBD_CtlContinueRx)
    i.USBD_CtlContinueSendData               0x08002e50   Section        0  usbd_ioreq.o(i.USBD_CtlContinueSendData)
    i.USBD_CtlError                          0x08002e60   Section        0  usbd_ctlreq.o(i.USBD_CtlError)
    i.USBD_CtlPrepareRx                      0x08002e74   Section        0  usbd_ioreq.o(i.USBD_CtlPrepareRx)
    i.USBD_CtlReceiveStatus                  0x08002e94   Section        0  usbd_ioreq.o(i.USBD_CtlReceiveStatus)
    i.USBD_CtlSendData                       0x08002eac   Section        0  usbd_ioreq.o(i.USBD_CtlSendData)
    i.USBD_CtlSendStatus                     0x08002ec8   Section        0  usbd_ioreq.o(i.USBD_CtlSendStatus)
    i.USBD_FS_ConfigStrDescriptor            0x08002ee0   Section        0  usbd_desc.o(i.USBD_FS_ConfigStrDescriptor)
    i.USBD_FS_DeviceDescriptor               0x08002f00   Section        0  usbd_desc.o(i.USBD_FS_DeviceDescriptor)
    i.USBD_FS_InterfaceStrDescriptor         0x08002f0c   Section        0  usbd_desc.o(i.USBD_FS_InterfaceStrDescriptor)
    i.USBD_FS_LangIDStrDescriptor            0x08002f30   Section        0  usbd_desc.o(i.USBD_FS_LangIDStrDescriptor)
    i.USBD_FS_ManufacturerStrDescriptor      0x08002f3c   Section        0  usbd_desc.o(i.USBD_FS_ManufacturerStrDescriptor)
    i.USBD_FS_ProductStrDescriptor           0x08002f64   Section        0  usbd_desc.o(i.USBD_FS_ProductStrDescriptor)
    i.USBD_FS_SerialStrDescriptor            0x08002f90   Section        0  usbd_desc.o(i.USBD_FS_SerialStrDescriptor)
    i.USBD_GetDescriptor                     0x08002fb4   Section        0  usbd_ctlreq.o(i.USBD_GetDescriptor)
    USBD_GetDescriptor                       0x08002fb5   Thumb Code   224  usbd_ctlreq.o(i.USBD_GetDescriptor)
    i.USBD_GetString                         0x08003094   Section        0  usbd_ctlreq.o(i.USBD_GetString)
    i.USBD_Init                              0x080030d8   Section        0  usbd_core.o(i.USBD_Init)
    i.USBD_LL_ClearStallEP                   0x0800310a   Section        0  usbd_conf.o(i.USBD_LL_ClearStallEP)
    i.USBD_LL_CloseEP                        0x08003130   Section        0  usbd_conf.o(i.USBD_LL_CloseEP)
    i.USBD_LL_DataInStage                    0x08003156   Section        0  usbd_core.o(i.USBD_LL_DataInStage)
    i.USBD_LL_DataOutStage                   0x0800320c   Section        0  usbd_core.o(i.USBD_LL_DataOutStage)
    i.USBD_LL_GetRxDataSize                  0x08003280   Section        0  usbd_conf.o(i.USBD_LL_GetRxDataSize)
    i.USBD_LL_Init                           0x08003290   Section        0  usbd_conf.o(i.USBD_LL_Init)
    i.USBD_LL_IsStallEP                      0x08003318   Section        0  usbd_conf.o(i.USBD_LL_IsStallEP)
    i.USBD_LL_OpenEP                         0x0800333c   Section        0  usbd_conf.o(i.USBD_LL_OpenEP)
    i.USBD_LL_PrepareReceive                 0x08003368   Section        0  usbd_conf.o(i.USBD_LL_PrepareReceive)
    i.USBD_LL_Reset                          0x0800338e   Section        0  usbd_core.o(i.USBD_LL_Reset)
    i.USBD_LL_Resume                         0x080033d4   Section        0  usbd_core.o(i.USBD_LL_Resume)
    i.USBD_LL_SOF                            0x080033e0   Section        0  usbd_core.o(i.USBD_LL_SOF)
    i.USBD_LL_SetSpeed                       0x080033fe   Section        0  usbd_core.o(i.USBD_LL_SetSpeed)
    i.USBD_LL_SetUSBAddress                  0x08003404   Section        0  usbd_conf.o(i.USBD_LL_SetUSBAddress)
    i.USBD_LL_SetupStage                     0x0800342a   Section        0  usbd_core.o(i.USBD_LL_SetupStage)
    i.USBD_LL_StallEP                        0x08003488   Section        0  usbd_conf.o(i.USBD_LL_StallEP)
    i.USBD_LL_Start                          0x080034ae   Section        0  usbd_conf.o(i.USBD_LL_Start)
    i.USBD_LL_Suspend                        0x080034d4   Section        0  usbd_core.o(i.USBD_LL_Suspend)
    i.USBD_LL_Transmit                       0x080034e4   Section        0  usbd_conf.o(i.USBD_LL_Transmit)
    i.USBD_ParseSetupRequest                 0x0800350a   Section        0  usbd_ctlreq.o(i.USBD_ParseSetupRequest)
    i.USBD_RegisterClass                     0x08003532   Section        0  usbd_core.o(i.USBD_RegisterClass)
    i.USBD_SetClassConfig                    0x08003548   Section        0  usbd_core.o(i.USBD_SetClassConfig)
    i.USBD_SetConfig                         0x08003564   Section        0  usbd_ctlreq.o(i.USBD_SetConfig)
    USBD_SetConfig                           0x08003565   Thumb Code   108  usbd_ctlreq.o(i.USBD_SetConfig)
    i.USBD_Start                             0x080035d4   Section        0  usbd_core.o(i.USBD_Start)
    i.USBD_StdDevReq                         0x080035de   Section        0  usbd_ctlreq.o(i.USBD_StdDevReq)
    i.USBD_StdEPReq                          0x080036cc   Section        0  usbd_ctlreq.o(i.USBD_StdEPReq)
    i.USBD_StdItfReq                         0x080037b6   Section        0  usbd_ctlreq.o(i.USBD_StdItfReq)
    i.USBD_static_free                       0x080037f0   Section        0  usbd_conf.o(i.USBD_static_free)
    i.USBD_static_malloc                     0x080037f4   Section        0  usbd_conf.o(i.USBD_static_malloc)
    i.USB_IRQHandler                         0x080037fc   Section        0  stm32f0xx_it.o(i.USB_IRQHandler)
    i.Write_Flash                            0x0800380c   Section        0  utilities.o(i.Write_Flash)
    i.__0printf$bare                         0x0800383c   Section        0  printfb.o(i.__0printf$bare)
    i.__ARM_common_switch8                   0x08003850   Section        0  main.o(i.__ARM_common_switch8)
    i.__scatterload_copy                     0x0800386a   Section       14  handlers.o(i.__scatterload_copy)
    i.__scatterload_null                     0x08003878   Section        2  handlers.o(i.__scatterload_null)
    i.__scatterload_zeroinit                 0x0800387a   Section       14  handlers.o(i.__scatterload_zeroinit)
    i._printf_core                           0x08003888   Section        0  printfb.o(i._printf_core)
    _printf_core                             0x08003889   Thumb Code    30  printfb.o(i._printf_core)
    i.deleteBuffer                           0x080038a6   Section        0  flash.o(i.deleteBuffer)
    i.fputc                                  0x080038b8   Section        0  main.o(i.fputc)
    i.main                                   0x080038d0   Section        0  main.o(i.main)
    i.validateCommand                        0x080039d0   Section        0  main.o(i.validateCommand)
    .constdata                               0x08003b00   Section       16  system_stm32f0xx.o(.constdata)
    .constdata                               0x08003b10   Section        8  system_stm32f0xx.o(.constdata)
    .data                                    0x20000000   Section        8  main.o(.data)
    .data                                    0x20000008   Section       28  usbd_desc.o(.data)
    .data                                    0x20000024   Section       22  usbd_desc.o(.data)
    .data                                    0x2000003c   Section       16  usbd_cdc_if.o(.data)
    .data                                    0x2000004c   Section        4  stm32f0xx_hal.o(.data)
    .data                                    0x20000050   Section        4  system_stm32f0xx.o(.data)
    .data                                    0x20000054   Section        1  usbd_ctlreq.o(.data)
    cfgidx                                   0x20000054   Data           1  usbd_ctlreq.o(.data)
    .data                                    0x20000058   Section      219  usbd_cdc.o(.data)
    ifalt                                    0x20000058   Data           1  usbd_cdc.o(.data)
    USBD_CDC_DeviceQualifierDesc             0x2000005c   Data          10  usbd_cdc.o(.data)
    .data                                    0x20000134   Section       56  usbd_cdc.o(.data)
    .data                                    0x2000016c   Section        4  stdout.o(.data)
    .bss                                     0x20000170   Section      506  main.o(.bss)
    .bss                                     0x2000036c   Section      548  usb_device.o(.bss)
    .bss                                     0x20000590   Section     1088  usbd_conf.o(.bss)
    mem                                      0x20000590   Data         544  usbd_conf.o(.bss)
    .bss                                     0x200009d0   Section      512  usbd_desc.o(.bss)
    .bss                                     0x20000bd0   Section     2048  usbd_cdc_if.o(.bss)
    STACK                                    0x200013d0   Section     1024  startup_stm32f042x6.o(STACK)

    Global Symbols

    Symbol Name                              Value     Ov Type        Size  Object(Section)

    BuildAttributes$$THM_ISAv3M$S$PE$A:L22$X:L11$S22$IEEE1$IW$USESV6$~STKCKD$USESV7$~SHL$OSPACE$ROPI$EBA8$MICROLIB$REQ8$PRES8$EABIv2 0x00000000   Number         0  anon$$obj.o ABSOLUTE
    __ARM_use_no_argv                        0x00000000   Number         0  main.o ABSOLUTE
    __cpp_initialize__aeabi_                  - Undefined Weak Reference
    __cxa_finalize                            - Undefined Weak Reference
    _clock_init                               - Undefined Weak Reference
    _microlib_exit                            - Undefined Weak Reference
    __Vectors_Size                           0x000000c0   Number         0  startup_stm32f042x6.o ABSOLUTE
    __Vectors                                0x08000000   Data           4  startup_stm32f042x6.o(RESET)
    __Vectors_End                            0x080000c0   Data           0  startup_stm32f042x6.o(RESET)
    __main                                   0x080000c1   Thumb Code     0  entry.o(.ARM.Collect$$$$00000000)
    _main_stk                                0x080000c1   Thumb Code     0  entry2.o(.ARM.Collect$$$$00000001)
    _main_scatterload                        0x080000c5   Thumb Code     0  entry5.o(.ARM.Collect$$$$00000004)
    __main_after_scatterload                 0x080000c9   Thumb Code     0  entry5.o(.ARM.Collect$$$$00000004)
    _main_clock                              0x080000c9   Thumb Code     0  entry7b.o(.ARM.Collect$$$$00000008)
    _main_cpp_init                           0x080000c9   Thumb Code     0  entry8b.o(.ARM.Collect$$$$0000000A)
    _main_init                               0x080000c9   Thumb Code     0  entry9a.o(.ARM.Collect$$$$0000000B)
    __rt_final_cpp                           0x080000d1   Thumb Code     0  entry10a.o(.ARM.Collect$$$$0000000D)
    __rt_final_exit                          0x080000d1   Thumb Code     0  entry11a.o(.ARM.Collect$$$$0000000F)
    Reset_Handler                            0x080000d5   Thumb Code    38  startup_stm32f042x6.o(.text)
    ADC1_IRQHandler                          0x08000105   Thumb Code     0  startup_stm32f042x6.o(.text)
    DMA1_Channel1_IRQHandler                 0x08000105   Thumb Code     0  startup_stm32f042x6.o(.text)
    DMA1_Channel2_3_IRQHandler               0x08000105   Thumb Code     0  startup_stm32f042x6.o(.text)
    DMA1_Channel4_5_IRQHandler               0x08000105   Thumb Code     0  startup_stm32f042x6.o(.text)
    EXTI0_1_IRQHandler                       0x08000105   Thumb Code     0  startup_stm32f042x6.o(.text)
    EXTI2_3_IRQHandler                       0x08000105   Thumb Code     0  startup_stm32f042x6.o(.text)
    EXTI4_15_IRQHandler                      0x08000105   Thumb Code     0  startup_stm32f042x6.o(.text)
    FLASH_IRQHandler                         0x08000105   Thumb Code     0  startup_stm32f042x6.o(.text)
    I2C1_IRQHandler                          0x08000105   Thumb Code     0  startup_stm32f042x6.o(.text)
    PVD_VDDIO2_IRQHandler                    0x08000105   Thumb Code     0  startup_stm32f042x6.o(.text)
    RCC_CRS_IRQHandler                       0x08000105   Thumb Code     0  startup_stm32f042x6.o(.text)
    RTC_IRQHandler                           0x08000105   Thumb Code     0  startup_stm32f042x6.o(.text)
    SPI1_IRQHandler                          0x08000105   Thumb Code     0  startup_stm32f042x6.o(.text)
    SPI2_IRQHandler                          0x08000105   Thumb Code     0  startup_stm32f042x6.o(.text)
    TIM14_IRQHandler                         0x08000105   Thumb Code     0  startup_stm32f042x6.o(.text)
    TIM16_IRQHandler                         0x08000105   Thumb Code     0  startup_stm32f042x6.o(.text)
    TIM17_IRQHandler                         0x08000105   Thumb Code     0  startup_stm32f042x6.o(.text)
    TIM1_BRK_UP_TRG_COM_IRQHandler           0x08000105   Thumb Code     0  startup_stm32f042x6.o(.text)
    TIM1_CC_IRQHandler                       0x08000105   Thumb Code     0  startup_stm32f042x6.o(.text)
    TIM2_IRQHandler                          0x08000105   Thumb Code     0  startup_stm32f042x6.o(.text)
    TIM3_IRQHandler                          0x08000105   Thumb Code     0  startup_stm32f042x6.o(.text)
    TSC_IRQHandler                           0x08000105   Thumb Code     0  startup_stm32f042x6.o(.text)
    USART1_IRQHandler                        0x08000105   Thumb Code     0  startup_stm32f042x6.o(.text)
    USART2_IRQHandler                        0x08000105   Thumb Code     0  startup_stm32f042x6.o(.text)
    WWDG_IRQHandler                          0x08000105   Thumb Code     0  startup_stm32f042x6.o(.text)
    __aeabi_uidiv                            0x0800012d   Thumb Code     0  uidiv.o(.text)
    __aeabi_uidivmod                         0x0800012d   Thumb Code    44  uidiv.o(.text)
    __aeabi_memcpy                           0x08000159   Thumb Code    36  memcpya.o(.text)
    __aeabi_memcpy4                          0x08000159   Thumb Code     0  memcpya.o(.text)
    __aeabi_memcpy8                          0x08000159   Thumb Code     0  memcpya.o(.text)
    __aeabi_memset                           0x0800017d   Thumb Code    14  memseta.o(.text)
    __aeabi_memset4                          0x0800017d   Thumb Code     0  memseta.o(.text)
    __aeabi_memset8                          0x0800017d   Thumb Code     0  memseta.o(.text)
    __aeabi_memclr                           0x0800018b   Thumb Code     4  memseta.o(.text)
    __aeabi_memclr4                          0x0800018b   Thumb Code     0  memseta.o(.text)
    __aeabi_memclr8                          0x0800018b   Thumb Code     0  memseta.o(.text)
    _memset$wrapper                          0x0800018f   Thumb Code    18  memseta.o(.text)
    __aeabi_uread4                           0x080001a1   Thumb Code    20  uread4.o(.text)
    __rt_uread4                              0x080001a1   Thumb Code     0  uread4.o(.text)
    _uread4                                  0x080001a1   Thumb Code     0  uread4.o(.text)
    __scatterload                            0x080001b5   Thumb Code    28  init.o(.text)
    __scatterload_rt2                        0x080001b5   Thumb Code     0  init.o(.text)
    __decompress                             0x080001d9   Thumb Code     0  __dczerorl2.o(.text)
    __decompress1                            0x080001d9   Thumb Code    86  __dczerorl2.o(.text)
    CAN_Config                               0x08000231   Thumb Code    98  main.o(i.CAN_Config)
    CDC_Transmit_FS                          0x08000425   Thumb Code    40  usbd_cdc_if.o(i.CDC_Transmit_FS)
    CEC_CAN_IRQHandler                       0x08000455   Thumb Code    18  stm32f0xx_it.o(i.CEC_CAN_IRQHandler)
    Crc8_Calc                                0x0800046d   Thumb Code    42  utilities.o(i.Crc8_Calc)
    Error_Handler                            0x0800049d   Thumb Code     2  main.o(i.Error_Handler)
    Flash_Erase                              0x080004a1   Thumb Code    48  flash.o(i.Flash_Erase)
    Flash_Read_Char                          0x080004d5   Thumb Code    32  flash.o(i.Flash_Read_Char)
    Flash_Write_Char                         0x080004f5   Thumb Code    74  flash.o(i.Flash_Write_Char)
    HAL_CAN_ConfigFilter                     0x08000545   Thumb Code   280  stm32f0xx_hal_can.o(i.HAL_CAN_ConfigFilter)
    HAL_CAN_ErrorCallback                    0x0800065d   Thumb Code     2  stm32f0xx_hal_can.o(i.HAL_CAN_ErrorCallback)
    HAL_CAN_IRQHandler                       0x08000661   Thumb Code   484  stm32f0xx_hal_can.o(i.HAL_CAN_IRQHandler)
    HAL_CAN_Init                             0x08000859   Thumb Code   300  stm32f0xx_hal_can.o(i.HAL_CAN_Init)
    HAL_CAN_MspInit                          0x08000985   Thumb Code   104  stm32f0xx_hal_msp.o(i.HAL_CAN_MspInit)
    HAL_CAN_Receive_IT                       0x080009f9   Thumb Code   174  stm32f0xx_hal_can.o(i.HAL_CAN_Receive_IT)
    HAL_CAN_RxCpltCallback                   0x08000aa9   Thumb Code    36  main.o(i.HAL_CAN_RxCpltCallback)
    HAL_CAN_Transmit                         0x08000ad1   Thumb Code   414  stm32f0xx_hal_can.o(i.HAL_CAN_Transmit)
    HAL_CAN_TxCpltCallback                   0x08000c7d   Thumb Code     2  stm32f0xx_hal_can.o(i.HAL_CAN_TxCpltCallback)
    HAL_FLASH_Unlock                         0x08000c81   Thumb Code    24  stm32f0xx_hal_flash.o(i.HAL_FLASH_Unlock)
    HAL_GPIO_Init                            0x08000ca5   Thumb Code   294  stm32f0xx_hal_gpio.o(i.HAL_GPIO_Init)
    HAL_GPIO_WritePin                        0x08000de1   Thumb Code    12  stm32f0xx_hal_gpio.o(i.HAL_GPIO_WritePin)
    HAL_GetTick                              0x08000ded   Thumb Code     6  stm32f0xx_hal.o(i.HAL_GetTick)
    HAL_IWDG_Init                            0x08000df9   Thumb Code    86  stm32f0xx_hal_iwdg.o(i.HAL_IWDG_Init)
    HAL_IWDG_Refresh                         0x08000e5d   Thumb Code    10  stm32f0xx_hal_iwdg.o(i.HAL_IWDG_Refresh)
    HAL_IncTick                              0x08000e6d   Thumb Code    10  stm32f0xx_hal.o(i.HAL_IncTick)
    HAL_Init                                 0x08000e7d   Thumb Code    26  stm32f0xx_hal.o(i.HAL_Init)
    HAL_InitTick                             0x08000e9d   Thumb Code    34  stm32f0xx_hal.o(i.HAL_InitTick)
    HAL_MspInit                              0x08000ec1   Thumb Code    34  stm32f0xx_hal_msp.o(i.HAL_MspInit)
    HAL_NVIC_EnableIRQ                       0x08000ee9   Thumb Code    14  stm32f0xx_hal_cortex.o(i.HAL_NVIC_EnableIRQ)
    HAL_NVIC_SetPriority                     0x08000efd   Thumb Code     8  stm32f0xx_hal_cortex.o(i.HAL_NVIC_SetPriority)
    HAL_PCDEx_PMAConfig                      0x08000f05   Thumb Code    58  stm32f0xx_hal_pcd_ex.o(i.HAL_PCDEx_PMAConfig)
    HAL_PCD_DataInStageCallback              0x08000f3f   Thumb Code    24  usbd_conf.o(i.HAL_PCD_DataInStageCallback)
    HAL_PCD_DataOutStageCallback             0x08000f57   Thumb Code    28  usbd_conf.o(i.HAL_PCD_DataOutStageCallback)
    HAL_PCD_EP_Close                         0x08000f75   Thumb Code   346  stm32f0xx_hal_pcd.o(i.HAL_PCD_EP_Close)
    HAL_PCD_EP_ClrStall                      0x080010dd   Thumb Code   166  stm32f0xx_hal_pcd.o(i.HAL_PCD_EP_ClrStall)
    HAL_PCD_EP_GetRxCount                    0x08001191   Thumb Code    20  stm32f0xx_hal_pcd.o(i.HAL_PCD_EP_GetRxCount)
    HAL_PCD_EP_Open                          0x080011a5   Thumb Code   652  stm32f0xx_hal_pcd.o(i.HAL_PCD_EP_Open)
    HAL_PCD_EP_Receive                       0x08001449   Thumb Code   244  stm32f0xx_hal_pcd.o(i.HAL_PCD_EP_Receive)
    HAL_PCD_EP_SetStall                      0x08001549   Thumb Code   136  stm32f0xx_hal_pcd.o(i.HAL_PCD_EP_SetStall)
    HAL_PCD_EP_Transmit                      0x080015dd   Thumb Code   222  stm32f0xx_hal_pcd.o(i.HAL_PCD_EP_Transmit)
    HAL_PCD_IRQHandler                       0x080016cd   Thumb Code   238  stm32f0xx_hal_pcd.o(i.HAL_PCD_IRQHandler)
    HAL_PCD_Init                             0x080017d9   Thumb Code   154  stm32f0xx_hal_pcd.o(i.HAL_PCD_Init)
    HAL_PCD_MspInit                          0x08001875   Thumb Code    46  usbd_conf.o(i.HAL_PCD_MspInit)
    HAL_PCD_ResetCallback                    0x080018ad   Thumb Code    24  usbd_conf.o(i.HAL_PCD_ResetCallback)
    HAL_PCD_ResumeCallback                   0x080018c5   Thumb Code    38  usbd_conf.o(i.HAL_PCD_ResumeCallback)
    HAL_PCD_SOFCallback                      0x080018f1   Thumb Code    16  usbd_conf.o(i.HAL_PCD_SOFCallback)
    HAL_PCD_SetAddress                       0x08001901   Thumb Code    44  stm32f0xx_hal_pcd.o(i.HAL_PCD_SetAddress)
    HAL_PCD_SetupStageCallback               0x0800192d   Thumb Code    22  usbd_conf.o(i.HAL_PCD_SetupStageCallback)
    HAL_PCD_Start                            0x08001943   Thumb Code    18  stm32f0xx_hal_pcd.o(i.HAL_PCD_Start)
    HAL_PCD_SuspendCallback                  0x08001955   Thumb Code    34  usbd_conf.o(i.HAL_PCD_SuspendCallback)
    HAL_RCCEx_PeriphCLKConfig                0x0800197d   Thumb Code   254  stm32f0xx_hal_rcc_ex.o(i.HAL_RCCEx_PeriphCLKConfig)
    HAL_RCC_ClockConfig                      0x08001a89   Thumb Code   320  stm32f0xx_hal_rcc.o(i.HAL_RCC_ClockConfig)
    HAL_RCC_GetHCLKFreq                      0x08001bdd   Thumb Code     6  stm32f0xx_hal_rcc.o(i.HAL_RCC_GetHCLKFreq)
    HAL_RCC_GetPCLK1Freq                     0x08001be9   Thumb Code    20  stm32f0xx_hal_rcc.o(i.HAL_RCC_GetPCLK1Freq)
    HAL_RCC_GetSysClockFreq                  0x08001c09   Thumb Code   100  stm32f0xx_hal_rcc.o(i.HAL_RCC_GetSysClockFreq)
    HAL_RCC_OscConfig                        0x08001c99   Thumb Code   966  stm32f0xx_hal_rcc.o(i.HAL_RCC_OscConfig)
    HAL_SYSTICK_Config                       0x08002071   Thumb Code    38  stm32f0xx_hal_cortex.o(i.HAL_SYSTICK_Config)
    HAL_UART_Init                            0x080020a1   Thumb Code   108  stm32f0xx_hal_uart.o(i.HAL_UART_Init)
    HAL_UART_MspInit                         0x0800210d   Thumb Code    90  stm32f0xx_hal_msp.o(i.HAL_UART_MspInit)
    HAL_UART_Transmit                        0x08002171   Thumb Code   200  stm32f0xx_hal_uart.o(i.HAL_UART_Transmit)
    HardFault_Handler                        0x08002239   Thumb Code     2  stm32f0xx_it.o(i.HardFault_Handler)
    MX_USB_DEVICE_Init                       0x08002345   Thumb Code    36  usb_device.o(i.MX_USB_DEVICE_Init)
    NMI_Handler                              0x08002379   Thumb Code     2  stm32f0xx_it.o(i.NMI_Handler)
    PCD_ReadPMA                              0x080026f9   Thumb Code    42  stm32f0xx_hal_pcd.o(i.PCD_ReadPMA)
    PCD_WritePMA                             0x08002723   Thumb Code    38  stm32f0xx_hal_pcd.o(i.PCD_WritePMA)
    PendSV_Handler                           0x08002749   Thumb Code     2  stm32f0xx_it.o(i.PendSV_Handler)
    Queue_Pop                                0x0800274b   Thumb Code    54  queue.o(i.Queue_Pop)
    Queue_Push                               0x08002781   Thumb Code    44  queue.o(i.Queue_Push)
    Read_Flash                               0x080027ad   Thumb Code    90  utilities.o(i.Read_Flash)
    SVC_Handler                              0x0800280d   Thumb Code     2  stm32f0xx_it.o(i.SVC_Handler)
    SysTick_Handler                          0x0800280f   Thumb Code     8  stm32f0xx_it.o(i.SysTick_Handler)
    SystemClock_Config                       0x08002819   Thumb Code   100  main.o(i.SystemClock_Config)
    SystemInit                               0x08002881   Thumb Code    78  system_stm32f0xx.o(i.SystemInit)
    UART_AdvFeatureConfig                    0x080028dd   Thumb Code   202  stm32f0xx_hal_uart.o(i.UART_AdvFeatureConfig)
    UART_CheckIdleState                      0x080029a9   Thumb Code    96  stm32f0xx_hal_uart.o(i.UART_CheckIdleState)
    UART_SetConfig                           0x08002a11   Thumb Code   280  stm32f0xx_hal_uart.o(i.UART_SetConfig)
    UART_WaitOnFlagUntilTimeout              0x08002b41   Thumb Code    98  stm32f0xx_hal_uart.o(i.UART_WaitOnFlagUntilTimeout)
    USBD_CDC_GetDeviceQualifierDescriptor    0x08002c59   Thumb Code     8  usbd_cdc.o(i.USBD_CDC_GetDeviceQualifierDescriptor)
    USBD_CDC_ReceivePacket                   0x08002d13   Thumb Code    56  usbd_cdc.o(i.USBD_CDC_ReceivePacket)
    USBD_CDC_RegisterInterface               0x08002d4b   Thumb Code    20  usbd_cdc.o(i.USBD_CDC_RegisterInterface)
    USBD_CDC_SetRxBuffer                     0x08002d5f   Thumb Code    20  usbd_cdc.o(i.USBD_CDC_SetRxBuffer)
    USBD_CDC_SetTxBuffer                     0x08002d73   Thumb Code    22  usbd_cdc.o(i.USBD_CDC_SetTxBuffer)
    USBD_CDC_TransmitPacket                  0x08002dfd   Thumb Code    52  usbd_cdc.o(i.USBD_CDC_TransmitPacket)
    USBD_ClrClassConfig                      0x08002e31   Thumb Code    16  usbd_core.o(i.USBD_ClrClassConfig)
    USBD_CtlContinueRx                       0x08002e41   Thumb Code    16  usbd_ioreq.o(i.USBD_CtlContinueRx)
    USBD_CtlContinueSendData                 0x08002e51   Thumb Code    16  usbd_ioreq.o(i.USBD_CtlContinueSendData)
    USBD_CtlError                            0x08002e61   Thumb Code    20  usbd_ctlreq.o(i.USBD_CtlError)
    USBD_CtlPrepareRx                        0x08002e75   Thumb Code    32  usbd_ioreq.o(i.USBD_CtlPrepareRx)
    USBD_CtlReceiveStatus                    0x08002e95   Thumb Code    24  usbd_ioreq.o(i.USBD_CtlReceiveStatus)
    USBD_CtlSendData                         0x08002ead   Thumb Code    28  usbd_ioreq.o(i.USBD_CtlSendData)
    USBD_CtlSendStatus                       0x08002ec9   Thumb Code    24  usbd_ioreq.o(i.USBD_CtlSendStatus)
    USBD_FS_ConfigStrDescriptor              0x08002ee1   Thumb Code    16  usbd_desc.o(i.USBD_FS_ConfigStrDescriptor)
    USBD_FS_DeviceDescriptor                 0x08002f01   Thumb Code     8  usbd_desc.o(i.USBD_FS_DeviceDescriptor)
    USBD_FS_InterfaceStrDescriptor           0x08002f0d   Thumb Code    16  usbd_desc.o(i.USBD_FS_InterfaceStrDescriptor)
    USBD_FS_LangIDStrDescriptor              0x08002f31   Thumb Code     8  usbd_desc.o(i.USBD_FS_LangIDStrDescriptor)
    USBD_FS_ManufacturerStrDescriptor        0x08002f3d   Thumb Code    16  usbd_desc.o(i.USBD_FS_ManufacturerStrDescriptor)
    USBD_FS_ProductStrDescriptor             0x08002f65   Thumb Code    16  usbd_desc.o(i.USBD_FS_ProductStrDescriptor)
    USBD_FS_SerialStrDescriptor              0x08002f91   Thumb Code    16  usbd_desc.o(i.USBD_FS_SerialStrDescriptor)
    USBD_GetString                           0x08003095   Thumb Code    68  usbd_ctlreq.o(i.USBD_GetString)
    USBD_Init                                0x080030d9   Thumb Code    50  usbd_core.o(i.USBD_Init)
    USBD_LL_ClearStallEP                     0x0800310b   Thumb Code    38  usbd_conf.o(i.USBD_LL_ClearStallEP)
    USBD_LL_CloseEP                          0x08003131   Thumb Code    38  usbd_conf.o(i.USBD_LL_CloseEP)
    USBD_LL_DataInStage                      0x08003157   Thumb Code   182  usbd_core.o(i.USBD_LL_DataInStage)
    USBD_LL_DataOutStage                     0x0800320d   Thumb Code   116  usbd_core.o(i.USBD_LL_DataOutStage)
    USBD_LL_GetRxDataSize                    0x08003281   Thumb Code    16  usbd_conf.o(i.USBD_LL_GetRxDataSize)
    USBD_LL_Init                             0x08003291   Thumb Code   124  usbd_conf.o(i.USBD_LL_Init)
    USBD_LL_IsStallEP                        0x08003319   Thumb Code    36  usbd_conf.o(i.USBD_LL_IsStallEP)
    USBD_LL_OpenEP                           0x0800333d   Thumb Code    44  usbd_conf.o(i.USBD_LL_OpenEP)
    USBD_LL_PrepareReceive                   0x08003369   Thumb Code    38  usbd_conf.o(i.USBD_LL_PrepareReceive)
    USBD_LL_Reset                            0x0800338f   Thumb Code    70  usbd_core.o(i.USBD_LL_Reset)
    USBD_LL_Resume                           0x080033d5   Thumb Code    12  usbd_core.o(i.USBD_LL_Resume)
    USBD_LL_SOF                              0x080033e1   Thumb Code    30  usbd_core.o(i.USBD_LL_SOF)
    USBD_LL_SetSpeed                         0x080033ff   Thumb Code     6  usbd_core.o(i.USBD_LL_SetSpeed)
    USBD_LL_SetUSBAddress                    0x08003405   Thumb Code    38  usbd_conf.o(i.USBD_LL_SetUSBAddress)
    USBD_LL_SetupStage                       0x0800342b   Thumb Code    94  usbd_core.o(i.USBD_LL_SetupStage)
    USBD_LL_StallEP                          0x08003489   Thumb Code    38  usbd_conf.o(i.USBD_LL_StallEP)
    USBD_LL_Start                            0x080034af   Thumb Code    38  usbd_conf.o(i.USBD_LL_Start)
    USBD_LL_Suspend                          0x080034d5   Thumb Code    16  usbd_core.o(i.USBD_LL_Suspend)
    USBD_LL_Transmit                         0x080034e5   Thumb Code    38  usbd_conf.o(i.USBD_LL_Transmit)
    USBD_ParseSetupRequest                   0x0800350b   Thumb Code    40  usbd_ctlreq.o(i.USBD_ParseSetupRequest)
    USBD_RegisterClass                       0x08003533   Thumb Code    22  usbd_core.o(i.USBD_RegisterClass)
    USBD_SetClassConfig                      0x08003549   Thumb Code    28  usbd_core.o(i.USBD_SetClassConfig)
    USBD_Start                               0x080035d5   Thumb Code    10  usbd_core.o(i.USBD_Start)
    USBD_StdDevReq                           0x080035df   Thumb Code   238  usbd_ctlreq.o(i.USBD_StdDevReq)
    USBD_StdEPReq                            0x080036cd   Thumb Code   234  usbd_ctlreq.o(i.USBD_StdEPReq)
    USBD_StdItfReq                           0x080037b7   Thumb Code    58  usbd_ctlreq.o(i.USBD_StdItfReq)
    USBD_static_free                         0x080037f1   Thumb Code     2  usbd_conf.o(i.USBD_static_free)
    USBD_static_malloc                       0x080037f5   Thumb Code     4  usbd_conf.o(i.USBD_static_malloc)
    USB_IRQHandler                           0x080037fd   Thumb Code    10  stm32f0xx_it.o(i.USB_IRQHandler)
    Write_Flash                              0x0800380d   Thumb Code    42  utilities.o(i.Write_Flash)
    __0printf$bare                           0x0800383d   Thumb Code    12  printfb.o(i.__0printf$bare)
    __1printf$bare                           0x0800383d   Thumb Code     0  printfb.o(i.__0printf$bare)
    __2printf                                0x0800383d   Thumb Code     0  printfb.o(i.__0printf$bare)
    __ARM_common_switch8                     0x08003851   Thumb Code    26  main.o(i.__ARM_common_switch8)
    __scatterload_copy                       0x0800386b   Thumb Code    14  handlers.o(i.__scatterload_copy)
    __scatterload_null                       0x08003879   Thumb Code     2  handlers.o(i.__scatterload_null)
    __scatterload_zeroinit                   0x0800387b   Thumb Code    14  handlers.o(i.__scatterload_zeroinit)
    deleteBuffer                             0x080038a7   Thumb Code    18  flash.o(i.deleteBuffer)
    fputc                                    0x080038b9   Thumb Code    18  main.o(i.fputc)
    main                                     0x080038d1   Thumb Code   220  main.o(i.main)
    validateCommand                          0x080039d1   Thumb Code   300  main.o(i.validateCommand)
    AHBPrescTable                            0x08003b00   Data          16  system_stm32f0xx.o(.constdata)
    APBPrescTable                            0x08003b10   Data           8  system_stm32f0xx.o(.constdata)
    Region$$Table$$Base                      0x08003b18   Number         0  anon$$obj.o(Region$$Table)
    Region$$Table$$Limit                     0x08003b38   Number         0  anon$$obj.o(Region$$Table)
    version                                  0x20000000   Data           1  main.o(.data)
    filterIdMode                             0x20000001   Data           1  main.o(.data)
    timeout                                  0x20000002   Data           1  main.o(.data)
    baudrate                                 0x20000003   Data           1  main.o(.data)
    msgId                                    0x20000004   Data           2  main.o(.data)
    filterId                                 0x20000006   Data           2  main.o(.data)
    FS_Desc                                  0x20000008   Data          28  usbd_desc.o(.data)
    USBD_LangIDDesc                          0x20000024   Data           4  usbd_desc.o(.data)
    USBD_FS_DeviceDesc                       0x20000028   Data          18  usbd_desc.o(.data)
    USBD_Interface_fops_FS                   0x2000003c   Data          16  usbd_cdc_if.o(.data)
    uwTick                                   0x2000004c   Data           4  stm32f0xx_hal.o(.data)
    SystemCoreClock                          0x20000050   Data           4  system_stm32f0xx.o(.data)
    USBD_CDC_CfgHSDesc                       0x20000068   Data          67  usbd_cdc.o(.data)
    USBD_CDC_CfgFSDesc                       0x200000ac   Data          67  usbd_cdc.o(.data)
    USBD_CDC_OtherSpeedCfgDesc               0x200000f0   Data          67  usbd_cdc.o(.data)
    USBD_CDC                                 0x20000134   Data          56  usbd_cdc.o(.data)
    __stdout                                 0x2000016c   Data           4  stdout.o(.data)
    hcan                                     0x20000170   Data          68  main.o(.bss)
    hiwdg                                    0x200001b4   Data          16  main.o(.bss)
    huart1                                   0x200001c4   Data         112  main.o(.bss)
    TxMsg                                    0x20000234   Data          28  main.o(.bss)
    RxMsg                                    0x20000250   Data          36  main.o(.bss)
    sFilterConfig                            0x20000274   Data          40  main.o(.bss)
    queue                                    0x2000029c   Data         206  main.o(.bss)
    hUsbDeviceFS                             0x2000036c   Data         548  usb_device.o(.bss)
    hpcd_USB_FS                              0x200007b0   Data         544  usbd_conf.o(.bss)
    USBD_StrDesc                             0x200009d0   Data         512  usbd_desc.o(.bss)
    UserRxBufferFS                           0x20000bd0   Data        1024  usbd_cdc_if.o(.bss)
    UserTxBufferFS                           0x20000fd0   Data        1024  usbd_cdc_if.o(.bss)
    __initial_sp                             0x200017d0   Data           0  startup_stm32f042x6.o(STACK)



==============================================================================

Memory Map of the image

  Image Entry point : 0x080000c1

  Load Region LR_IROM1 (Base: 0x08000000, Size: 0x00003ca8, Max: 0x00008000, ABSOLUTE, COMPRESSED[0x00003bf8])

    Execution Region ER_IROM1 (Exec base: 0x08000000, Load base: 0x08000000, Size: 0x00003b38, Max: 0x00008000, ABSOLUTE)

    Exec Addr    Load Addr    Size         Type   Attr      Idx    E Section Name        Object

    0x08000000   0x08000000   0x000000c0   Data   RO            3    RESET               startup_stm32f042x6.o
    0x080000c0   0x080000c0   0x00000000   Code   RO         3603  * .ARM.Collect$$$$00000000  mc_p.l(entry.o)
    0x080000c0   0x080000c0   0x00000004   Code   RO         3878    .ARM.Collect$$$$00000001  mc_p.l(entry2.o)
    0x080000c4   0x080000c4   0x00000004   Code   RO         3881    .ARM.Collect$$$$00000004  mc_p.l(entry5.o)
    0x080000c8   0x080000c8   0x00000000   Code   RO         3883    .ARM.Collect$$$$00000008  mc_p.l(entry7b.o)
    0x080000c8   0x080000c8   0x00000000   Code   RO         3885    .ARM.Collect$$$$0000000A  mc_p.l(entry8b.o)
    0x080000c8   0x080000c8   0x00000008   Code   RO         3886    .ARM.Collect$$$$0000000B  mc_p.l(entry9a.o)
    0x080000d0   0x080000d0   0x00000000   Code   RO         3888    .ARM.Collect$$$$0000000D  mc_p.l(entry10a.o)
    0x080000d0   0x080000d0   0x00000000   Code   RO         3890    .ARM.Collect$$$$0000000F  mc_p.l(entry11a.o)
    0x080000d0   0x080000d0   0x00000004   Code   RO         3879    .ARM.Collect$$$$00002712  mc_p.l(entry2.o)
    0x080000d4   0x080000d4   0x00000058   Code   RO            4    .text               startup_stm32f042x6.o
    0x0800012c   0x0800012c   0x0000002c   Code   RO         3606    .text               mc_p.l(uidiv.o)
    0x08000158   0x08000158   0x00000024   Code   RO         3610    .text               mc_p.l(memcpya.o)
    0x0800017c   0x0800017c   0x00000024   Code   RO         3612    .text               mc_p.l(memseta.o)
    0x080001a0   0x080001a0   0x00000014   Code   RO         3876    .text               mc_p.l(uread4.o)
    0x080001b4   0x080001b4   0x00000024   Code   RO         3906    .text               mc_p.l(init.o)
    0x080001d8   0x080001d8   0x00000056   Code   RO         3924    .text               mc_p.l(__dczerorl2.o)
    0x0800022e   0x0800022e   0x00000002   PAD
    0x08000230   0x08000230   0x0000006c   Code   RO          149    i.CAN_Config        main.o
    0x0800029c   0x0800029c   0x00000122   Code   RO         1278    i.CAN_Receive_IT    stm32f0xx_hal_can.o
    0x080003be   0x080003be   0x00000004   Code   RO          766    i.CDC_Control_FS    usbd_cdc_if.o
    0x080003c2   0x080003c2   0x00000004   Code   RO          767    i.CDC_DeInit_FS     usbd_cdc_if.o
    0x080003c6   0x080003c6   0x00000002   PAD
    0x080003c8   0x080003c8   0x00000024   Code   RO          768    i.CDC_Init_FS       usbd_cdc_if.o
    0x080003ec   0x080003ec   0x00000038   Code   RO          769    i.CDC_Receive_FS    usbd_cdc_if.o
    0x08000424   0x08000424   0x00000030   Code   RO          770    i.CDC_Transmit_FS   usbd_cdc_if.o
    0x08000454   0x08000454   0x00000018   Code   RO          836    i.CEC_CAN_IRQHandler  stm32f0xx_it.o
    0x0800046c   0x0800046c   0x00000030   Code   RO          940    i.Crc8_Calc         utilities.o
    0x0800049c   0x0800049c   0x00000002   Code   RO          150    i.Error_Handler     main.o
    0x0800049e   0x0800049e   0x00000002   PAD
    0x080004a0   0x080004a0   0x00000034   Code   RO          972    i.Flash_Erase       flash.o
    0x080004d4   0x080004d4   0x00000020   Code   RO          975    i.Flash_Read_Char   flash.o
    0x080004f4   0x080004f4   0x00000050   Code   RO          978    i.Flash_Write_Char  flash.o
    0x08000544   0x08000544   0x00000118   Code   RO         1279    i.HAL_CAN_ConfigFilter  stm32f0xx_hal_can.o
    0x0800065c   0x0800065c   0x00000002   Code   RO         1281    i.HAL_CAN_ErrorCallback  stm32f0xx_hal_can.o
    0x0800065e   0x0800065e   0x00000002   PAD
    0x08000660   0x08000660   0x000001f8   Code   RO         1284    i.HAL_CAN_IRQHandler  stm32f0xx_hal_can.o
    0x08000858   0x08000858   0x0000012c   Code   RO         1285    i.HAL_CAN_Init      stm32f0xx_hal_can.o
    0x08000984   0x08000984   0x00000074   Code   RO          897    i.HAL_CAN_MspInit   stm32f0xx_hal_msp.o
    0x080009f8   0x080009f8   0x000000ae   Code   RO         1289    i.HAL_CAN_Receive_IT  stm32f0xx_hal_can.o
    0x08000aa6   0x08000aa6   0x00000002   PAD
    0x08000aa8   0x08000aa8   0x00000028   Code   RO          151    i.HAL_CAN_RxCpltCallback  main.o
    0x08000ad0   0x08000ad0   0x000001ac   Code   RO         1292    i.HAL_CAN_Transmit  stm32f0xx_hal_can.o
    0x08000c7c   0x08000c7c   0x00000002   Code   RO         1294    i.HAL_CAN_TxCpltCallback  stm32f0xx_hal_can.o
    0x08000c7e   0x08000c7e   0x00000002   PAD
    0x08000c80   0x08000c80   0x00000024   Code   RO         3061    i.HAL_FLASH_Unlock  stm32f0xx_hal_flash.o
    0x08000ca4   0x08000ca4   0x0000013c   Code   RO         2645    i.HAL_GPIO_Init     stm32f0xx_hal_gpio.o
    0x08000de0   0x08000de0   0x0000000c   Code   RO         2649    i.HAL_GPIO_WritePin  stm32f0xx_hal_gpio.o
    0x08000dec   0x08000dec   0x0000000c   Code   RO         2040    i.HAL_GetTick       stm32f0xx_hal.o
    0x08000df8   0x08000df8   0x00000064   Code   RO         1399    i.HAL_IWDG_Init     stm32f0xx_hal_iwdg.o
    0x08000e5c   0x08000e5c   0x00000010   Code   RO         1400    i.HAL_IWDG_Refresh  stm32f0xx_hal_iwdg.o
    0x08000e6c   0x08000e6c   0x00000010   Code   RO         2044    i.HAL_IncTick       stm32f0xx_hal.o
    0x08000e7c   0x08000e7c   0x00000020   Code   RO         2045    i.HAL_Init          stm32f0xx_hal.o
    0x08000e9c   0x08000e9c   0x00000022   Code   RO         2046    i.HAL_InitTick      stm32f0xx_hal.o
    0x08000ebe   0x08000ebe   0x00000002   PAD
    0x08000ec0   0x08000ec0   0x00000028   Code   RO          898    i.HAL_MspInit       stm32f0xx_hal_msp.o
    0x08000ee8   0x08000ee8   0x00000014   Code   RO         2802    i.HAL_NVIC_EnableIRQ  stm32f0xx_hal_cortex.o
    0x08000efc   0x08000efc   0x00000008   Code   RO         2806    i.HAL_NVIC_SetPriority  stm32f0xx_hal_cortex.o
    0x08000f04   0x08000f04   0x0000003a   Code   RO         1258    i.HAL_PCDEx_PMAConfig  stm32f0xx_hal_pcd_ex.o
    0x08000f3e   0x08000f3e   0x00000018   Code   RO          501    i.HAL_PCD_DataInStageCallback  usbd_conf.o
    0x08000f56   0x08000f56   0x0000001c   Code   RO          502    i.HAL_PCD_DataOutStageCallback  usbd_conf.o
    0x08000f72   0x08000f72   0x00000002   PAD
    0x08000f74   0x08000f74   0x00000168   Code   RO         1046    i.HAL_PCD_EP_Close  stm32f0xx_hal_pcd.o
    0x080010dc   0x080010dc   0x000000b4   Code   RO         1047    i.HAL_PCD_EP_ClrStall  stm32f0xx_hal_pcd.o
    0x08001190   0x08001190   0x00000014   Code   RO         1049    i.HAL_PCD_EP_GetRxCount  stm32f0xx_hal_pcd.o
    0x080011a4   0x080011a4   0x000002a4   Code   RO         1050    i.HAL_PCD_EP_Open   stm32f0xx_hal_pcd.o
    0x08001448   0x08001448   0x00000100   Code   RO         1051    i.HAL_PCD_EP_Receive  stm32f0xx_hal_pcd.o
    0x08001548   0x08001548   0x00000094   Code   RO         1052    i.HAL_PCD_EP_SetStall  stm32f0xx_hal_pcd.o
    0x080015dc   0x080015dc   0x000000f0   Code   RO         1053    i.HAL_PCD_EP_Transmit  stm32f0xx_hal_pcd.o
    0x080016cc   0x080016cc   0x0000010c   Code   RO         1055    i.HAL_PCD_IRQHandler  stm32f0xx_hal_pcd.o
    0x080017d8   0x080017d8   0x0000009a   Code   RO         1058    i.HAL_PCD_Init      stm32f0xx_hal_pcd.o
    0x08001872   0x08001872   0x00000002   PAD
    0x08001874   0x08001874   0x00000038   Code   RO          507    i.HAL_PCD_MspInit   usbd_conf.o
    0x080018ac   0x080018ac   0x00000018   Code   RO          508    i.HAL_PCD_ResetCallback  usbd_conf.o
    0x080018c4   0x080018c4   0x0000002c   Code   RO          509    i.HAL_PCD_ResumeCallback  usbd_conf.o
    0x080018f0   0x080018f0   0x00000010   Code   RO          510    i.HAL_PCD_SOFCallback  usbd_conf.o
    0x08001900   0x08001900   0x0000002c   Code   RO         1064    i.HAL_PCD_SetAddress  stm32f0xx_hal_pcd.o
    0x0800192c   0x0800192c   0x00000016   Code   RO          511    i.HAL_PCD_SetupStageCallback  usbd_conf.o
    0x08001942   0x08001942   0x00000012   Code   RO         1066    i.HAL_PCD_Start     stm32f0xx_hal_pcd.o
    0x08001954   0x08001954   0x00000028   Code   RO          512    i.HAL_PCD_SuspendCallback  usbd_conf.o
    0x0800197c   0x0800197c   0x0000010c   Code   RO         1956    i.HAL_RCCEx_PeriphCLKConfig  stm32f0xx_hal_rcc_ex.o
    0x08001a88   0x08001a88   0x00000154   Code   RO         1854    i.HAL_RCC_ClockConfig  stm32f0xx_hal_rcc.o
    0x08001bdc   0x08001bdc   0x0000000c   Code   RO         1859    i.HAL_RCC_GetHCLKFreq  stm32f0xx_hal_rcc.o
    0x08001be8   0x08001be8   0x00000020   Code   RO         1861    i.HAL_RCC_GetPCLK1Freq  stm32f0xx_hal_rcc.o
    0x08001c08   0x08001c08   0x00000090   Code   RO         1862    i.HAL_RCC_GetSysClockFreq  stm32f0xx_hal_rcc.o
    0x08001c98   0x08001c98   0x000003d8   Code   RO         1865    i.HAL_RCC_OscConfig  stm32f0xx_hal_rcc.o
    0x08002070   0x08002070   0x00000030   Code   RO         2810    i.HAL_SYSTICK_Config  stm32f0xx_hal_cortex.o
    0x080020a0   0x080020a0   0x0000006c   Code   RO         1477    i.HAL_UART_Init     stm32f0xx_hal_uart.o
    0x0800210c   0x0800210c   0x00000064   Code   RO          900    i.HAL_UART_MspInit  stm32f0xx_hal_msp.o
    0x08002170   0x08002170   0x000000c8   Code   RO         1485    i.HAL_UART_Transmit  stm32f0xx_hal_uart.o
    0x08002238   0x08002238   0x00000002   Code   RO          837    i.HardFault_Handler  stm32f0xx_it.o
    0x0800223a   0x0800223a   0x00000002   PAD
    0x0800223c   0x0800223c   0x00000040   Code   RO          152    i.MX_CAN_Init       main.o
    0x0800227c   0x0800227c   0x00000098   Code   RO          153    i.MX_GPIO_Init      main.o
    0x08002314   0x08002314   0x00000030   Code   RO          154    i.MX_USART1_UART_Init  main.o
    0x08002344   0x08002344   0x00000034   Code   RO          355    i.MX_USB_DEVICE_Init  usb_device.o
    0x08002378   0x08002378   0x00000002   Code   RO          838    i.NMI_Handler       stm32f0xx_it.o
    0x0800237a   0x0800237a   0x00000002   PAD
    0x0800237c   0x0800237c   0x00000044   Code   RO         2812    i.NVIC_SetPriority  stm32f0xx_hal_cortex.o
    0x080023c0   0x080023c0   0x00000338   Code   RO         1069    i.PCD_EP_ISR_Handler  stm32f0xx_hal_pcd.o
    0x080026f8   0x080026f8   0x0000002a   Code   RO         1070    i.PCD_ReadPMA       stm32f0xx_hal_pcd.o
    0x08002722   0x08002722   0x00000026   Code   RO         1071    i.PCD_WritePMA      stm32f0xx_hal_pcd.o
    0x08002748   0x08002748   0x00000002   Code   RO          839    i.PendSV_Handler    stm32f0xx_it.o
    0x0800274a   0x0800274a   0x00000036   Code   RO           12    i.Queue_Pop         queue.o
    0x08002780   0x08002780   0x0000002c   Code   RO           13    i.Queue_Push        queue.o
    0x080027ac   0x080027ac   0x00000060   Code   RO          941    i.Read_Flash        utilities.o
    0x0800280c   0x0800280c   0x00000002   Code   RO          840    i.SVC_Handler       stm32f0xx_it.o
    0x0800280e   0x0800280e   0x00000008   Code   RO          841    i.SysTick_Handler   stm32f0xx_it.o
    0x08002816   0x08002816   0x00000002   PAD
    0x08002818   0x08002818   0x00000068   Code   RO          155    i.SystemClock_Config  main.o
    0x08002880   0x08002880   0x0000005c   Code   RO         3219    i.SystemInit        system_stm32f0xx.o
    0x080028dc   0x080028dc   0x000000ca   Code   RO         1490    i.UART_AdvFeatureConfig  stm32f0xx_hal_uart.o
    0x080029a6   0x080029a6   0x00000002   PAD
    0x080029a8   0x080029a8   0x00000068   Code   RO         1491    i.UART_CheckIdleState  stm32f0xx_hal_uart.o
    0x08002a10   0x08002a10   0x00000130   Code   RO         1506    i.UART_SetConfig    stm32f0xx_hal_uart.o
    0x08002b40   0x08002b40   0x00000062   Code   RO         1508    i.UART_WaitOnFlagUntilTimeout  stm32f0xx_hal_uart.o
    0x08002ba2   0x08002ba2   0x0000001e   Code   RO         3503    i.USBD_CDC_DataIn   usbd_cdc.o
    0x08002bc0   0x08002bc0   0x00000034   Code   RO         3504    i.USBD_CDC_DataOut  usbd_cdc.o
    0x08002bf4   0x08002bf4   0x0000003c   Code   RO         3505    i.USBD_CDC_DeInit   usbd_cdc.o
    0x08002c30   0x08002c30   0x00000028   Code   RO         3506    i.USBD_CDC_EP0_RxReady  usbd_cdc.o
    0x08002c58   0x08002c58   0x0000000c   Code   RO         3507    i.USBD_CDC_GetDeviceQualifierDescriptor  usbd_cdc.o
    0x08002c64   0x08002c64   0x0000000c   Code   RO         3508    i.USBD_CDC_GetFSCfgDesc  usbd_cdc.o
    0x08002c70   0x08002c70   0x0000000c   Code   RO         3509    i.USBD_CDC_GetHSCfgDesc  usbd_cdc.o
    0x08002c7c   0x08002c7c   0x0000000c   Code   RO         3510    i.USBD_CDC_GetOtherSpeedCfgDesc  usbd_cdc.o
    0x08002c88   0x08002c88   0x0000008a   Code   RO         3511    i.USBD_CDC_Init     usbd_cdc.o
    0x08002d12   0x08002d12   0x00000038   Code   RO         3512    i.USBD_CDC_ReceivePacket  usbd_cdc.o
    0x08002d4a   0x08002d4a   0x00000014   Code   RO         3513    i.USBD_CDC_RegisterInterface  usbd_cdc.o
    0x08002d5e   0x08002d5e   0x00000014   Code   RO         3514    i.USBD_CDC_SetRxBuffer  usbd_cdc.o
    0x08002d72   0x08002d72   0x00000016   Code   RO         3515    i.USBD_CDC_SetTxBuffer  usbd_cdc.o
    0x08002d88   0x08002d88   0x00000074   Code   RO         3516    i.USBD_CDC_Setup    usbd_cdc.o
    0x08002dfc   0x08002dfc   0x00000034   Code   RO         3517    i.USBD_CDC_TransmitPacket  usbd_cdc.o
    0x08002e30   0x08002e30   0x00000010   Code   RO         3252    i.USBD_ClrClassConfig  usbd_core.o
    0x08002e40   0x08002e40   0x00000010   Code   RO         3447    i.USBD_CtlContinueRx  usbd_ioreq.o
    0x08002e50   0x08002e50   0x00000010   Code   RO         3448    i.USBD_CtlContinueSendData  usbd_ioreq.o
    0x08002e60   0x08002e60   0x00000014   Code   RO         3386    i.USBD_CtlError     usbd_ctlreq.o
    0x08002e74   0x08002e74   0x00000020   Code   RO         3449    i.USBD_CtlPrepareRx  usbd_ioreq.o
    0x08002e94   0x08002e94   0x00000018   Code   RO         3450    i.USBD_CtlReceiveStatus  usbd_ioreq.o
    0x08002eac   0x08002eac   0x0000001c   Code   RO         3451    i.USBD_CtlSendData  usbd_ioreq.o
    0x08002ec8   0x08002ec8   0x00000018   Code   RO         3452    i.USBD_CtlSendStatus  usbd_ioreq.o
    0x08002ee0   0x08002ee0   0x00000020   Code   RO          702    i.USBD_FS_ConfigStrDescriptor  usbd_desc.o
    0x08002f00   0x08002f00   0x0000000c   Code   RO          703    i.USBD_FS_DeviceDescriptor  usbd_desc.o
    0x08002f0c   0x08002f0c   0x00000024   Code   RO          704    i.USBD_FS_InterfaceStrDescriptor  usbd_desc.o
    0x08002f30   0x08002f30   0x0000000c   Code   RO          705    i.USBD_FS_LangIDStrDescriptor  usbd_desc.o
    0x08002f3c   0x08002f3c   0x00000028   Code   RO          706    i.USBD_FS_ManufacturerStrDescriptor  usbd_desc.o
    0x08002f64   0x08002f64   0x0000002c   Code   RO          707    i.USBD_FS_ProductStrDescriptor  usbd_desc.o
    0x08002f90   0x08002f90   0x00000024   Code   RO          708    i.USBD_FS_SerialStrDescriptor  usbd_desc.o
    0x08002fb4   0x08002fb4   0x000000e0   Code   RO         3387    i.USBD_GetDescriptor  usbd_ctlreq.o
    0x08003094   0x08003094   0x00000044   Code   RO         3388    i.USBD_GetString    usbd_ctlreq.o
    0x080030d8   0x080030d8   0x00000032   Code   RO         3254    i.USBD_Init         usbd_core.o
    0x0800310a   0x0800310a   0x00000026   Code   RO          513    i.USBD_LL_ClearStallEP  usbd_conf.o
    0x08003130   0x08003130   0x00000026   Code   RO          514    i.USBD_LL_CloseEP   usbd_conf.o
    0x08003156   0x08003156   0x000000b6   Code   RO         3255    i.USBD_LL_DataInStage  usbd_core.o
    0x0800320c   0x0800320c   0x00000074   Code   RO         3256    i.USBD_LL_DataOutStage  usbd_core.o
    0x08003280   0x08003280   0x00000010   Code   RO          518    i.USBD_LL_GetRxDataSize  usbd_conf.o
    0x08003290   0x08003290   0x00000088   Code   RO          519    i.USBD_LL_Init      usbd_conf.o
    0x08003318   0x08003318   0x00000024   Code   RO          520    i.USBD_LL_IsStallEP  usbd_conf.o
    0x0800333c   0x0800333c   0x0000002c   Code   RO          521    i.USBD_LL_OpenEP    usbd_conf.o
    0x08003368   0x08003368   0x00000026   Code   RO          522    i.USBD_LL_PrepareReceive  usbd_conf.o
    0x0800338e   0x0800338e   0x00000046   Code   RO         3261    i.USBD_LL_Reset     usbd_core.o
    0x080033d4   0x080033d4   0x0000000c   Code   RO         3262    i.USBD_LL_Resume    usbd_core.o
    0x080033e0   0x080033e0   0x0000001e   Code   RO         3263    i.USBD_LL_SOF       usbd_core.o
    0x080033fe   0x080033fe   0x00000006   Code   RO         3264    i.USBD_LL_SetSpeed  usbd_core.o
    0x08003404   0x08003404   0x00000026   Code   RO          523    i.USBD_LL_SetUSBAddress  usbd_conf.o
    0x0800342a   0x0800342a   0x0000005e   Code   RO         3265    i.USBD_LL_SetupStage  usbd_core.o
    0x08003488   0x08003488   0x00000026   Code   RO          524    i.USBD_LL_StallEP   usbd_conf.o
    0x080034ae   0x080034ae   0x00000026   Code   RO          525    i.USBD_LL_Start     usbd_conf.o
    0x080034d4   0x080034d4   0x00000010   Code   RO         3266    i.USBD_LL_Suspend   usbd_core.o
    0x080034e4   0x080034e4   0x00000026   Code   RO          527    i.USBD_LL_Transmit  usbd_conf.o
    0x0800350a   0x0800350a   0x00000028   Code   RO         3389    i.USBD_ParseSetupRequest  usbd_ctlreq.o
    0x08003532   0x08003532   0x00000016   Code   RO         3267    i.USBD_RegisterClass  usbd_core.o
    0x08003548   0x08003548   0x0000001c   Code   RO         3269    i.USBD_SetClassConfig  usbd_core.o
    0x08003564   0x08003564   0x00000070   Code   RO         3390    i.USBD_SetConfig    usbd_ctlreq.o
    0x080035d4   0x080035d4   0x0000000a   Code   RO         3270    i.USBD_Start        usbd_core.o
    0x080035de   0x080035de   0x000000ee   Code   RO         3391    i.USBD_StdDevReq    usbd_ctlreq.o
    0x080036cc   0x080036cc   0x000000ea   Code   RO         3392    i.USBD_StdEPReq     usbd_ctlreq.o
    0x080037b6   0x080037b6   0x0000003a   Code   RO         3393    i.USBD_StdItfReq    usbd_ctlreq.o
    0x080037f0   0x080037f0   0x00000002   Code   RO          528    i.USBD_static_free  usbd_conf.o
    0x080037f2   0x080037f2   0x00000002   PAD
    0x080037f4   0x080037f4   0x00000008   Code   RO          529    i.USBD_static_malloc  usbd_conf.o
    0x080037fc   0x080037fc   0x00000010   Code   RO          842    i.USB_IRQHandler    stm32f0xx_it.o
    0x0800380c   0x0800380c   0x00000030   Code   RO          942    i.Write_Flash       utilities.o
    0x0800383c   0x0800383c   0x00000014   Code   RO         3617    i.__0printf$bare    mc_p.l(printfb.o)
    0x08003850   0x08003850   0x0000001a   Code   RO          218    i.__ARM_common_switch8  main.o
    0x0800386a   0x0800386a   0x0000000e   Code   RO         3918    i.__scatterload_copy  mc_p.l(handlers.o)
    0x08003878   0x08003878   0x00000002   Code   RO         3919    i.__scatterload_null  mc_p.l(handlers.o)
    0x0800387a   0x0800387a   0x0000000e   Code   RO         3920    i.__scatterload_zeroinit  mc_p.l(handlers.o)
    0x08003888   0x08003888   0x0000001e   Code   RO         3624    i._printf_core      mc_p.l(printfb.o)
    0x080038a6   0x080038a6   0x00000012   Code   RO          980    i.deleteBuffer      flash.o
    0x080038b8   0x080038b8   0x00000018   Code   RO          156    i.fputc             main.o
    0x080038d0   0x080038d0   0x00000100   Code   RO          157    i.main              main.o
    0x080039d0   0x080039d0   0x00000130   Code   RO          158    i.validateCommand   main.o
    0x08003b00   0x08003b00   0x00000010   Data   RO         3220    .constdata          system_stm32f0xx.o
    0x08003b10   0x08003b10   0x00000008   Data   RO         3221    .constdata          system_stm32f0xx.o
    0x08003b18   0x08003b18   0x00000020   Data   RO         3916    Region$$Table       anon$$obj.o


    Execution Region RW_IRAM1 (Exec base: 0x20000000, Load base: 0x08003b38, Size: 0x000017d0, Max: 0x00001800, ABSOLUTE, COMPRESSED[0x000000c0])

    Exec Addr    Load Addr    Size         Type   Attr      Idx    E Section Name        Object

    0x20000000   COMPRESSED   0x00000008   Data   RW          160    .data               main.o
    0x20000008   COMPRESSED   0x0000001c   Data   RW          710    .data               usbd_desc.o
    0x20000024   COMPRESSED   0x00000016   Data   RW          711    .data               usbd_desc.o
    0x2000003a   COMPRESSED   0x00000002   PAD
    0x2000003c   COMPRESSED   0x00000010   Data   RW          772    .data               usbd_cdc_if.o
    0x2000004c   COMPRESSED   0x00000004   Data   RW         2051    .data               stm32f0xx_hal.o
    0x20000050   COMPRESSED   0x00000004   Data   RW         3222    .data               system_stm32f0xx.o
    0x20000054   COMPRESSED   0x00000001   Data   RW         3394    .data               usbd_ctlreq.o
    0x20000055   COMPRESSED   0x00000003   PAD
    0x20000058   COMPRESSED   0x000000db   Data   RW         3518    .data               usbd_cdc.o
    0x20000133   COMPRESSED   0x00000001   PAD
    0x20000134   COMPRESSED   0x00000038   Data   RW         3519    .data               usbd_cdc.o
    0x2000016c   COMPRESSED   0x00000004   Data   RW         3892    .data               mc_p.l(stdout.o)
    0x20000170        -       0x000001fa   Zero   RW          159    .bss                main.o
    0x2000036a   COMPRESSED   0x00000002   PAD
    0x2000036c        -       0x00000224   Zero   RW          356    .bss                usb_device.o
    0x20000590        -       0x00000440   Zero   RW          530    .bss                usbd_conf.o
    0x200009d0        -       0x00000200   Zero   RW          709    .bss                usbd_desc.o
    0x20000bd0        -       0x00000800   Zero   RW          771    .bss                usbd_cdc_if.o
    0x200013d0        -       0x00000400   Zero   RW            1    STACK               startup_stm32f042x6.o


==============================================================================

Image component sizes


      Code (inc. data)   RO Data    RW Data    ZI Data      Debug   Object Name

       182         10          0          0          0       2773   flash.o
      1128        108          0          8        506     439517   main.o
        98          0          0          0          0     375801   queue.o
        88         38        192          0       1024        628   startup_stm32f042x6.o
        94         18          0          4          0       2939   stm32f0xx_hal.o
      1980         34          0          0          0       7252   stm32f0xx_hal_can.o
       144         24          0          0          0       8801   stm32f0xx_hal_cortex.o
        36         12          0          0          0        559   stm32f0xx_hal_flash.o
       328         22          0          0          0       2184   stm32f0xx_hal_gpio.o
       116         20          0          0          0       1655   stm32f0xx_hal_iwdg.o
       256         28          0          0          0       2091   stm32f0xx_hal_msp.o
      3268        146          0          0          0      13345   stm32f0xx_hal_pcd.o
        58          0          0          0          0       1202   stm32f0xx_hal_pcd_ex.o
      1512        100          0          0          0       5085   stm32f0xx_hal_rcc.o
       268         14          0          0          0       1452   stm32f0xx_hal_rcc_ex.o
      1016         32          0          0          0       5831   stm32f0xx_hal_uart.o
        56         12          0          0          0       2845   stm32f0xx_it.o
        92         14         24          4          0       1075   system_stm32f0xx.o
        52         16          0          0        548     448200   usb_device.o
       654         20          0        275          0      12298   usbd_cdc.o
       148         30          0         16       2048       9162   usbd_cdc_if.o
       762         38          0          0       1088      12358   usbd_conf.o
       652          0          0          0          0       8944   usbd_core.o
       994         34          0          1          0       7608   usbd_ctlreq.o
       212        116          0         50        512       4707   usbd_desc.o
       140          0          0          0          0       4188   usbd_ioreq.o
       192         18          0          0          0       2375   utilities.o

    ----------------------------------------------------------------------
     14552        904        248        364       5728    1384875   Object Totals
         0          0         32          0          0          0   (incl. Generated)
        26          0          0          6          2          0   (incl. Padding)

    ----------------------------------------------------------------------

      Code (inc. data)   RO Data    RW Data    ZI Data      Debug   Library Member Name

        86          0          0          0          0          0   __dczerorl2.o
         0          0          0          0          0          0   entry.o
         0          0          0          0          0          0   entry10a.o
         0          0          0          0          0          0   entry11a.o
         8          4          0          0          0          0   entry2.o
         4          0          0          0          0          0   entry5.o
         0          0          0          0          0          0   entry7b.o
         0          0          0          0          0          0   entry8b.o
         8          4          0          0          0          0   entry9a.o
        30          0          0          0          0          0   handlers.o
        36          8          0          0          0         68   init.o
        36          0          0          0          0         60   memcpya.o
        36          0          0          0          0        100   memseta.o
        50          8          0          0          0        144   printfb.o
         0          0          0          4          0          0   stdout.o
        44          0          0          0          0         72   uidiv.o
        20          0          0          0          0         60   uread4.o

    ----------------------------------------------------------------------
       360         24          0          4          0        504   Library Totals
         2          0          0          0          0          0   (incl. Padding)

    ----------------------------------------------------------------------

      Code (inc. data)   RO Data    RW Data    ZI Data      Debug   Library Name

       358         24          0          4          0        504   mc_p.l

    ----------------------------------------------------------------------
       360         24          0          4          0        504   Library Totals

    ----------------------------------------------------------------------

==============================================================================


      Code (inc. data)   RO Data    RW Data    ZI Data      Debug   

     14912        928        248        368       5728    1378783   Grand Totals
     14912        928        248        192       5728    1378783   ELF Image Totals (compressed)
     14912        928        248        192          0          0   ROM Totals

==============================================================================

    Total RO  Size (Code + RO Data)                15160 (  14.80kB)
    Total RW  Size (RW Data + ZI Data)              6096 (   5.95kB)
    Total ROM Size (Code + RO Data + RW Data)      15352 (  14.99kB)

==============================================================================

